<?xml version="1.0" encoding="utf-8"?>
<TestRun id="b181ca0f-0ebe-4cc3-a914-e1120f8d0990" name="Eja@HOME-PC 2026-10-04 04:03:44" runUser="HOME-PC\Eja" xmlns="http://microsoft.com/schemas/VisualStudio/TeamTest/2010">
  <Times creation="2026-10-04T04:03:44.6811629+10:00" queuing="2026-10-04T04:03:44.6811635+10:00" start="2026-10-04T04:03:39.8893478+10:00" finish="2026-10-04T04:03:54.6345655+10:00" />
  <TestSettings name="default" id="16755fb0-35fa-446f-9263-d3c8792a585f">
    <Deployment runDeploymentRoot="Eja_HOME-PC_2026-10-04_04_03_44" />
  </TestSettings>
  <Results>
    <UnitTestResult executionId="9916c6e6-b226-4d8a-8cc4-f0b3f0fc415f" testId="70eee013-490b-2d44-3f70-5b08e5925587" testName="BookOfEternityClient.Tests.TrustedLocalNamespaceJournalTests.UnsupportedNamespaceAuthorityRetainsExactEvidence(mutation: &quot;unknown-directory-blocker&quot;)" computerName="HOME-PC" duration="00:00:00.2252028" startTime="2026-10-04T04:03:48.0657593+10:00" endTime="2026-10-04T04:03:48.0657595+10:00" testType="13cdc9d9-ddb5-4fa4-a97d-d965ccfc6d4b" outcome="Passed" testListId="8c84fa94-04c1-424b-9868-57a2d4851a1d" relativeResultsDirectory="9916c6e6-b226-4d8a-8cc4-f0b3f0fc415f" />
    <UnitTestResult executionId="30b9afe7-eca1-412c-a540-df9cf8eb6231" testId="b5214e4a-4f4a-36a2-bd16-46da3864280f" testName="BookOfEternityClient.Tests.TrustedLocalNamespaceJournalTests.LateInvalidV3MetadataRetainsEveryEarlierMemberAndEvidence(mutation: &quot;duplicate-member&quot;)" computerName="HOME-PC" duration="00:00:00.1615411" startTime="2026-10-04T04:03:46.7421238+10:00" endTime="2026-10-04T04:03:46.7421241+10:00" testType="13cdc9d9-ddb5-4fa4-a97d-d965ccfc6d4b" outcome="Passed" testListId="8c84fa94-04c1-424b-9868-57a2d4851a1d" relativeResultsDirectory="30b9afe7-eca1-412c-a540-df9cf8eb6231" />
    <UnitTestResult executionId="143f3191-3698-4336-8e78-7e6cfe1ce98c" testId="d60590e7-0093-0cb4-9a5d-e17bac2eba64" testName="BookOfEternityClient.Tests.TrustedLocalNamespaceJournalTests.LateInvalidV3MetadataRetainsEveryEarlierMemberAndEvidence(mutation: &quot;duplicate-boundary&quot;)" computerName="HOME-PC" duration="00:00:00.1848467" startTime="2026-10-04T04:03:46.5804055+10:00" endTime="2026-10-04T04:03:46.5804058+10:00" testType="13cdc9d9-ddb5-4fa4-a97d-d965ccfc6d4b" outcome="Passed" testListId="8c84fa94-04c1-424b-9868-57a2d4851a1d" relativeResultsDirectory="143f3191-3698-4336-8e78-7e6cfe1ce98c" />
    <UnitTestResult executionId="dbe6fbba-83b8-4425-becc-3555075fa41a" testId="c6c4a74a-0b85-2d78-ab4e-71fd0fe5b3c8" testName="BookOfEternityClient.Tests.TrustedLocalNamespaceJournalTests.UnsupportedNamespaceAuthorityRetainsExactEvidence(mutation: &quot;outside-member&quot;)" computerName="HOME-PC" duration="00:00:00.2089534" startTime="2026-10-04T04:03:47.8404258+10:00" endTime="2026-10-04T04:03:47.8404261+10:00" testType="13cdc9d9-ddb5-4fa4-a97d-d965ccfc6d4b" outcome="Passed" testListId="8c84fa94-04c1-424b-9868-57a2d4851a1d" relativeResultsDirectory="dbe6fbba-83b8-4425-becc-3555075fa41a" />
    <UnitTestResult executionId="a1ea05e8-9b47-4dd9-9614-1fbf0669f634" testId="10d4e4d2-beec-5896-2660-954f6d684016" testName="BookOfEternityClient.Tests.TrustedLocalNamespaceJournalTests.UnsupportedNamespaceAuthorityRetainsExactEvidence(mutation: &quot;extra-directory-boundary&quot;)" computerName="HOME-PC" duration="00:00:00.2130594" startTime="2026-10-04T04:03:47.3868997+10:00" endTime="2026-10-04T04:03:47.3869004+10:00" testType="13cdc9d9-ddb5-4fa4-a97d-d965ccfc6d4b" outcome="Passed" testListId="8c84fa94-04c1-424b-9868-57a2d4851a1d" relativeResultsDirectory="a1ea05e8-9b47-4dd9-9614-1fbf0669f634" />
    <UnitTestResult executionId="7595eec5-b003-4d12-8ad4-c3999a43eaa4" testId="cc4c0c32-7334-1845-7e02-a4b99c470b73" testName="BookOfEternityClient.Tests.TrustedLocalNamespaceJournalTests.UnsupportedNamespaceAuthorityRetainsExactEvidence(mutation: &quot;root-missing&quot;)" computerName="HOME-PC" duration="00:00:00.2085548" startTime="2026-10-04T04:03:46.9511823+10:00" endTime="2026-10-04T04:03:46.9511828+10:00" testType="13cdc9d9-ddb5-4fa4-a97d-d965ccfc6d4b" outcome="Passed" testListId="8c84fa94-04c1-424b-9868-57a2d4851a1d" relativeResultsDirectory="7595eec5-b003-4d12-8ad4-c3999a43eaa4" />
    <UnitTestResult executionId="39543875-5a7c-40ba-aa65-963bc7362aee" testId="729005bd-21d8-8d4a-ae6f-c83178a3ce9a" testName="BookOfEternityClient.Tests.TrustedLocalNamespaceJournalTests.LateInvalidV3MetadataRetainsEveryEarlierMemberAndEvidence(mutation: &quot;truncated-region&quot;)" computerName="HOME-PC" duration="00:00:00.1745324" startTime="2026-10-04T04:03:44.2578069+10:00" endTime="2026-10-04T04:03:44.2578073+10:00" testType="13cdc9d9-ddb5-4fa4-a97d-d965ccfc6d4b" outcome="Passed" testListId="8c84fa94-04c1-424b-9868-57a2d4851a1d" relativeResultsDirectory="39543875-5a7c-40ba-aa65-963bc7362aee" />
    <UnitTestResult executionId="6187c529-eb49-454d-a9cd-92225d74c99a" testId="1ebf84e9-6532-c7f6-c314-4992c4c176a6" testName="BookOfEternityClient.Tests.TrustedLocalNamespaceJournalTests.LateInvalidV3MetadataRetainsEveryEarlierMemberAndEvidence(mutation: &quot;directory-has-region&quot;)" computerName="HOME-PC" duration="00:00:00.1774845" startTime="2026-10-04T04:03:45.3372858+10:00" endTime="2026-10-04T04:03:45.3372861+10:00" testType="13cdc9d9-ddb5-4fa4-a97d-d965ccfc6d4b" outcome="Passed" testListId="8c84fa94-04c1-424b-9868-57a2d4851a1d" relativeResultsDirectory="6187c529-eb49-454d-a9cd-92225d74c99a" />
    <UnitTestResult executionId="5311e219-0cf2-4118-8ac7-4faf9fd50c2a" testId="167f864b-f2aa-3344-4b16-4784ff8b097e" testName="BookOfEternityClient.Tests.TrustedLocalNamespaceJournalTests.LateInvalidV3MetadataRetainsEveryEarlierMemberAndEvidence(mutation: &quot;missing-has-region&quot;)" computerName="HOME-PC" duration="00:00:00.2315144" startTime="2026-10-04T04:03:44.8177696+10:00" endTime="2026-10-04T04:03:44.8177699+10:00" testType="13cdc9d9-ddb5-4fa4-a97d-d965ccfc6d4b" outcome="Passed" testListId="8c84fa94-04c1-424b-9868-57a2d4851a1d" relativeResultsDirectory="5311e219-0cf2-4118-8ac7-4faf9fd50c2a" />
    <UnitTestResult executionId="c6948933-1fc5-482e-b481-c4be5d7e349a" testId="ce6a4b59-e98d-6cc8-8d3d-72e6b8906f4e" testName="BookOfEternityClient.Tests.TrustedLocalNamespaceJournalTests.LateInvalidV3MetadataRetainsEveryEarlierMemberAndEvidence(mutation: &quot;unknown-boundary&quot;)" computerName="HOME-PC" duration="00:00:00.1992263" startTime="2026-10-04T04:03:46.3953855+10:00" endTime="2026-10-04T04:03:46.3953857+10:00" testType="13cdc9d9-ddb5-4fa4-a97d-d965ccfc6d4b" outcome="Passed" testListId="8c84fa94-04c1-424b-9868-57a2d4851a1d" relativeResultsDirectory="c6948933-1fc5-482e-b481-c4be5d7e349a" />
    <UnitTestResult executionId="e8cdfd8d-f7f5-4ff7-acd0-089cc34f7556" testId="6efbeccc-1c60-58c6-0662-24fb0a610c06" testName="BookOfEternityClient.Tests.TrustedLocalNamespaceJournalTests.LateInvalidV3MetadataRetainsEveryEarlierMemberAndEvidence(mutation: &quot;region-overflow&quot;)" computerName="HOME-PC" duration="00:00:00.2132793" startTime="2026-10-04T04:03:46.0079286+10:00" endTime="2026-10-04T04:03:46.0079288+10:00" testType="13cdc9d9-ddb5-4fa4-a97d-d965ccfc6d4b" outcome="Passed" testListId="8c84fa94-04c1-424b-9868-57a2d4851a1d" relativeResultsDirectory="e8cdfd8d-f7f5-4ff7-acd0-089cc34f7556" />
    <UnitTestResult executionId="a25065e6-5c1d-4bac-be2c-c502c55431c9" testId="014e26e8-a8b0-97d3-c792-ac9355bcb208" testName="BookOfEternityClient.Tests.TrustedLocalNamespaceJournalTests.LateInvalidV3MetadataRetainsEveryEarlierMemberAndEvidence(mutation: &quot;extra-root&quot;)" computerName="HOME-PC" duration="00:00:00.1704674" startTime="2026-10-04T04:03:44.5860669+10:00" endTime="2026-10-04T04:03:44.5860673+10:00" testType="13cdc9d9-ddb5-4fa4-a97d-d965ccfc6d4b" outcome="Passed" testListId="8c84fa94-04c1-424b-9868-57a2d4851a1d" relativeResultsDirectory="a25065e6-5c1d-4bac-be2c-c502c55431c9" />
    <UnitTestResult executionId="0d026fae-8c42-4b3b-9bef-02cca67d5b3a" testId="cf886efe-f00d-b54b-e433-93fd996d3cf1" testName="BookOfEternityClient.Tests.TrustedLocalNamespaceJournalTests.LateInvalidV3MetadataRetainsEveryEarlierMemberAndEvidence(mutation: &quot;unknown-kind&quot;)" computerName="HOME-PC" duration="00:00:00.6276900" startTime="2026-10-04T04:03:43.7170039+10:00" endTime="2026-10-04T04:03:43.7170406+10:00" testType="13cdc9d9-ddb5-4fa4-a97d-d965ccfc6d4b" outcome="Passed" testListId="8c84fa94-04c1-424b-9868-57a2d4851a1d" relativeResultsDirectory="0d026fae-8c42-4b3b-9bef-02cca67d5b3a" />
    <UnitTestResult executionId="fe9734dd-fa3b-4467-94a7-fea9ab9eee2b" testId="550c03c2-bbce-6aa2-2390-783f1bdf13ff" testName="BookOfEternityClient.Tests.TrustedLocalNamespaceJournalTests.LateInvalidV3MetadataRetainsEveryEarlierMemberAndEvidence(mutation: &quot;region-overlap&quot;)" computerName="HOME-PC" duration="00:00:00.1721604" startTime="2026-10-04T04:03:44.9900520+10:00" endTime="2026-10-04T04:03:44.9900522+10:00" testType="13cdc9d9-ddb5-4fa4-a97d-d965ccfc6d4b" outcome="Passed" testListId="8c84fa94-04c1-424b-9868-57a2d4851a1d" relativeResultsDirectory="fe9734dd-fa3b-4467-94a7-fea9ab9eee2b" />
    <UnitTestResult executionId="7b23bf74-4fe3-42a9-b507-22c9a917db2a" testId="a88a0fed-8060-5d7b-6e2d-1a7b317711b6" testName="BookOfEternityClient.Tests.TrustedLocalNamespaceJournalTests.LateInvalidV3MetadataRetainsEveryEarlierMemberAndEvidence(mutation: &quot;duplicate-image&quot;)" computerName="HOME-PC" duration="00:00:00.1694491" startTime="2026-10-04T04:03:45.1596972+10:00" endTime="2026-10-04T04:03:45.1596976+10:00" testType="13cdc9d9-ddb5-4fa4-a97d-d965ccfc6d4b" outcome="Passed" testListId="8c84fa94-04c1-424b-9868-57a2d4851a1d" relativeResultsDirectory="7b23bf74-4fe3-42a9-b507-22c9a917db2a" />
    <UnitTestResult executionId="219b015b-f6cb-4f9a-97b4-8ec4c8c442c5" testId="da6f108b-eae9-bb80-ba72-e438b56cfb39" testName="BookOfEternityClient.Tests.TrustedLocalNamespaceJournalTests.LateInvalidV3MetadataRetainsEveryEarlierMemberAndEvidence(mutation: &quot;negative-length&quot;)" computerName="HOME-PC" duration="00:00:00.1907287" startTime="2026-10-04T04:03:43.9075926+10:00" endTime="2026-10-04T04:03:43.9075929+10:00" testType="13cdc9d9-ddb5-4fa4-a97d-d965ccfc6d4b" outcome="Passed" testListId="8c84fa94-04c1-424b-9868-57a2d4851a1d" relativeResultsDirectory="219b015b-f6cb-4f9a-97b4-8ec4c8c442c5" />
    <UnitTestResult executionId="984efcce-bd47-47f5-8023-61a64ad3649c" testId="e4b8196a-37a9-c0bc-26e7-32742a23d066" testName="BookOfEternityClient.Tests.TrustedLocalNamespaceJournalTests.LateInvalidV3MetadataRetainsEveryEarlierMemberAndEvidence(mutation: &quot;late-hash&quot;)" computerName="HOME-PC" duration="00:00:00.1879229" startTime="2026-10-04T04:03:46.1960306+10:00" endTime="2026-10-04T04:03:46.1960310+10:00" testType="13cdc9d9-ddb5-4fa4-a97d-d965ccfc6d4b" outcome="Passed" testListId="8c84fa94-04c1-424b-9868-57a2d4851a1d" relativeResultsDirectory="984efcce-bd47-47f5-8023-61a64ad3649c" />
    <UnitTestResult executionId="bb097710-0ca3-4fd2-ba4f-4b45e436abd5" testId="b5039a7c-f3cf-8448-39f5-748dd9d69078" testName="BookOfEternityClient.Tests.TrustedLocalNamespaceJournalTests.UnknownLaterChildRetainsEveryEarlierAfterImage(directory: False)" computerName="HOME-PC" duration="00:00:00.2157081" startTime="2026-10-04T04:03:54.5300127+10:00" endTime="2026-10-04T04:03:54.5300130+10:00" testType="13cdc9d9-ddb5-4fa4-a97d-d965ccfc6d4b" outcome="Passed" testListId="8c84fa94-04c1-424b-9868-57a2d4851a1d" relativeResultsDirectory="bb097710-0ca3-4fd2-ba4f-4b45e436abd5" />
    <UnitTestResult executionId="c7742910-1b16-4ba7-85e6-fb449394edeb" testId="800393e3-4108-0099-36e5-939b76b8382d" testName="BookOfEternityClient.Tests.TrustedLocalNamespaceJournalTests.LateInvalidV3MetadataRetainsEveryEarlierMemberAndEvidence(mutation: &quot;duplicate-generation&quot;)" computerName="HOME-PC" duration="00:00:00.1434033" startTime="2026-10-04T04:03:45.6222880+10:00" endTime="2026-10-04T04:03:45.6222882+10:00" testType="13cdc9d9-ddb5-4fa4-a97d-d965ccfc6d4b" outcome="Passed" testListId="8c84fa94-04c1-424b-9868-57a2d4851a1d" relativeResultsDirectory="c7742910-1b16-4ba7-85e6-fb449394edeb" />
    <UnitTestResult executionId="19ca7658-bd9c-49e6-a3ef-e0ef46b30700" testId="aa238e58-53f6-c961-3203-5caa7252e448" testName="BookOfEternityClient.Tests.TrustedLocalNamespaceJournalTests.IndependentV3FrameKeepsCompletePendingOrCommittedDecision(committed: True, reordered: False, libraryPresent: True, sourceBoundary: False)" computerName="HOME-PC" duration="00:00:00.3335896" startTime="2026-10-04T04:03:49.2963422+10:00" endTime="2026-10-04T04:03:49.2963424+10:00" testType="13cdc9d9-ddb5-4fa4-a97d-d965ccfc6d4b" outcome="Passed" testListId="8c84fa94-04c1-424b-9868-57a2d4851a1d" relativeResultsDirectory="19ca7658-bd9c-49e6-a3ef-e0ef46b30700" />
    <UnitTestResult executionId="6312ed09-00a0-4af6-9e97-a45a23795df9" testId="778b86c5-f94c-fe52-3fbb-83dcad588716" testName="BookOfEternityClient.Tests.TrustedLocalNamespaceJournalTests.LateInvalidV3MetadataRetainsEveryEarlierMemberAndEvidence(mutation: &quot;region-gap&quot;)" computerName="HOME-PC" duration="00:00:00.1412685" startTime="2026-10-04T04:03:45.4787523+10:00" endTime="2026-10-04T04:03:45.4787527+10:00" testType="13cdc9d9-ddb5-4fa4-a97d-d965ccfc6d4b" outcome="Passed" testListId="8c84fa94-04c1-424b-9868-57a2d4851a1d" relativeResultsDirectory="6312ed09-00a0-4af6-9e97-a45a23795df9" />
    <UnitTestResult executionId="d1f615e6-5c61-408c-bd27-129ec6315b18" testId="14f0c899-c47e-601b-d302-ed18114988aa" testName="BookOfEternityClient.Tests.TrustedLocalNamespaceJournalTests.LateInvalidV3MetadataRetainsEveryEarlierMemberAndEvidence(mutation: &quot;trailing-region&quot;)" computerName="HOME-PC" duration="00:00:00.1719570" startTime="2026-10-04T04:03:45.7944157+10:00" endTime="2026-10-04T04:03:45.7944159+10:00" testType="13cdc9d9-ddb5-4fa4-a97d-d965ccfc6d4b" outcome="Passed" testListId="8c84fa94-04c1-424b-9868-57a2d4851a1d" relativeResultsDirectory="d1f615e6-5c61-408c-bd27-129ec6315b18" />
    <UnitTestResult executionId="11927d94-c9a8-48e7-a2e8-a1befa0c11cc" testId="c3cd89b8-8d96-8f0a-6d65-d814008d2a8a" testName="BookOfEternityClient.Tests.TrustedLocalNamespaceJournalTests.EveryV3FieldRejectsOmissionWrongTypeAndForbiddenNull" computerName="HOME-PC" duration="00:00:03.4301166" startTime="2026-10-04T04:03:54.1415418+10:00" endTime="2026-10-04T04:03:54.1415420+10:00" testType="13cdc9d9-ddb5-4fa4-a97d-d965ccfc6d4b" outcome="Passed" testListId="8c84fa94-04c1-424b-9868-57a2d4851a1d" relativeResultsDirectory="11927d94-c9a8-48e7-a2e8-a1befa0c11cc" />
    <UnitTestResult executionId="4382c615-29dc-41a4-be5c-9de3aeb90f8a" testId="9c923d30-a084-90f5-be78-9bd2b833de24" testName="BookOfEternityClient.Tests.TrustedLocalNamespaceJournalTests.IndependentV3FrameKeepsCompletePendingOrCommittedDecision(committed: False, reordered: True, libraryPresent: False, sourceBoundary: False)" computerName="HOME-PC" duration="00:00:00.4860817" startTime="2026-10-04T04:03:48.9625970+10:00" endTime="2026-10-04T04:03:48.9625976+10:00" testType="13cdc9d9-ddb5-4fa4-a97d-d965ccfc6d4b" outcome="Passed" testListId="8c84fa94-04c1-424b-9868-57a2d4851a1d" relativeResultsDirectory="4382c615-29dc-41a4-be5c-9de3aeb90f8a" />
    <UnitTestResult executionId="2b2feff7-2652-42cd-bcea-9413ce635baa" testId="9516e545-00a8-435a-518f-cb0263ce1a5c" testName="BookOfEternityClient.Tests.TrustedLocalNamespaceJournalTests.IndependentV3FrameKeepsCompletePendingOrCommittedDecision(committed: False, reordered: False, libraryPresent: True, sourceBoundary: False)" computerName="HOME-PC" duration="00:00:00.5427220" startTime="2026-10-04T04:03:50.2238343+10:00" endTime="2026-10-04T04:03:50.2238346+10:00" testType="13cdc9d9-ddb5-4fa4-a97d-d965ccfc6d4b" outcome="Passed" testListId="8c84fa94-04c1-424b-9868-57a2d4851a1d" relativeResultsDirectory="2b2feff7-2652-42cd-bcea-9413ce635baa" />
    <UnitTestResult executionId="1bf1403c-ba72-4adf-986d-6e4fc8e72913" testId="b6ac6a78-0ec1-6da3-ba3a-49c3583850f5" testName="BookOfEternityClient.Tests.TrustedLocalNamespaceJournalTests.IndependentV3FrameKeepsCompletePendingOrCommittedDecision(committed: True, reordered: True, libraryPresent: False, sourceBoundary: False)" computerName="HOME-PC" duration="00:00:00.4104047" startTime="2026-10-04T04:03:48.4763542+10:00" endTime="2026-10-04T04:03:48.4763546+10:00" testType="13cdc9d9-ddb5-4fa4-a97d-d965ccfc6d4b" outcome="Passed" testListId="8c84fa94-04c1-424b-9868-57a2d4851a1d" relativeResultsDirectory="1bf1403c-ba72-4adf-986d-6e4fc8e72913" />
    <UnitTestResult executionId="c855e254-04b6-4b9e-93fe-dd327a6bb8fd" testId="524f20ca-cad0-2e71-099e-b06c06ef3038" testName="BookOfEternityClient.Tests.TrustedLocalNamespaceJournalTests.UnknownLaterChildRetainsEveryEarlierAfterImage(directory: True)" computerName="HOME-PC" duration="00:00:00.1723964" startTime="2026-10-04T04:03:54.3141629+10:00" endTime="2026-10-04T04:03:54.3141633+10:00" testType="13cdc9d9-ddb5-4fa4-a97d-d965ccfc6d4b" outcome="Passed" testListId="8c84fa94-04c1-424b-9868-57a2d4851a1d" relativeResultsDirectory="c855e254-04b6-4b9e-93fe-dd327a6bb8fd" />
    <UnitTestResult executionId="c0941dc9-8e0a-472c-a250-43e3f0c28cfc" testId="cce7cf5f-97db-b0b7-04a4-6eabd79bb79e" testName="BookOfEternityClient.Tests.TrustedLocalNamespaceJournalTests.IndependentV3FrameKeepsCompletePendingOrCommittedDecision(committed: True, reordered: True, libraryPresent: True, sourceBoundary: True)" computerName="HOME-PC" duration="00:00:00.3843307" startTime="2026-10-04T04:03:49.6808930+10:00" endTime="2026-10-04T04:03:49.6808933+10:00" testType="13cdc9d9-ddb5-4fa4-a97d-d965ccfc6d4b" outcome="Passed" testListId="8c84fa94-04c1-424b-9868-57a2d4851a1d" relativeResultsDirectory="c0941dc9-8e0a-472c-a250-43e3f0c28cfc" />
    <UnitTestResult executionId="766c33d6-d9a3-4607-844f-8f2d862a5648" testId="ce7d6a59-d631-af06-594a-f956a9f30005" testName="BookOfEternityClient.Tests.TrustedLocalNamespaceJournalTests.UnsupportedNamespaceAuthorityRetainsExactEvidence(mutation: &quot;library-file&quot;)" computerName="HOME-PC" duration="00:00:00.2223485" startTime="2026-10-04T04:03:47.1736508+10:00" endTime="2026-10-04T04:03:47.1736511+10:00" testType="13cdc9d9-ddb5-4fa4-a97d-d965ccfc6d4b" outcome="Passed" testListId="8c84fa94-04c1-424b-9868-57a2d4851a1d" relativeResultsDirectory="766c33d6-d9a3-4607-844f-8f2d862a5648" />
    <UnitTestResult executionId="888e18c5-b3fb-4534-b3be-5c1e2e8fb913" testId="2af01950-2a09-65ee-4c90-34d696b5d1b0" testName="BookOfEternityClient.Tests.TrustedLocalNamespaceJournalTests.UnsupportedNamespaceAuthorityRetainsExactEvidence(mutation: &quot;required-directory-missing&quot;)" computerName="HOME-PC" duration="00:00:00.2442056" startTime="2026-10-04T04:03:47.6312898+10:00" endTime="2026-10-04T04:03:47.6312903+10:00" testType="13cdc9d9-ddb5-4fa4-a97d-d965ccfc6d4b" outcome="Passed" testListId="8c84fa94-04c1-424b-9868-57a2d4851a1d" relativeResultsDirectory="888e18c5-b3fb-4534-b3be-5c1e2e8fb913" />
    <UnitTestResult executionId="92bba493-4b9c-4a4c-9027-3bf0ac599f75" testId="f58c553d-7bf3-bb64-d9a6-afa60e99450a" testName="BookOfEternityClient.Tests.TrustedLocalNamespaceJournalTests.LateInvalidV3MetadataRetainsEveryEarlierMemberAndEvidence(mutation: &quot;huge-declared-metadata&quot;)" computerName="HOME-PC" duration="00:00:00.1754196" startTime="2026-10-04T04:03:44.0831368+10:00" endTime="2026-10-04T04:03:44.0831373+10:00" testType="13cdc9d9-ddb5-4fa4-a97d-d965ccfc6d4b" outcome="Passed" testListId="8c84fa94-04c1-424b-9868-57a2d4851a1d" relativeResultsDirectory="92bba493-4b9c-4a4c-9027-3bf0ac599f75" />
    <UnitTestResult executionId="9addccc3-3378-4c30-8eb8-fb8ad8f6294d" testId="d1a88c17-36d6-dbb7-3b5f-f2ca6d6884b1" testName="BookOfEternityClient.Tests.TrustedLocalNamespaceJournalTests.IndependentV3FrameKeepsCompletePendingOrCommittedDecision(committed: False, reordered: True, libraryPresent: True, sourceBoundary: True)" computerName="HOME-PC" duration="00:00:00.4871642" startTime="2026-10-04T04:03:50.7111903+10:00" endTime="2026-10-04T04:03:50.7111907+10:00" testType="13cdc9d9-ddb5-4fa4-a97d-d965ccfc6d4b" outcome="Passed" testListId="8c84fa94-04c1-424b-9868-57a2d4851a1d" relativeResultsDirectory="9addccc3-3378-4c30-8eb8-fb8ad8f6294d" />
    <UnitTestResult executionId="a7aeaec1-7f03-44bd-bfb6-75e4d1a27f81" testId="94f33a94-567f-015a-15b6-c1befb0bda32" testName="BookOfEternityClient.Tests.TrustedLocalNamespaceJournalTests.LateInvalidV3MetadataRetainsEveryEarlierMemberAndEvidence(mutation: &quot;duplicate-root&quot;)" computerName="HOME-PC" duration="00:00:00.1574898" startTime="2026-10-04T04:03:44.4153871+10:00" endTime="2026-10-04T04:03:44.4153874+10:00" testType="13cdc9d9-ddb5-4fa4-a97d-d965ccfc6d4b" outcome="Passed" testListId="8c84fa94-04c1-424b-9868-57a2d4851a1d" relativeResultsDirectory="a7aeaec1-7f03-44bd-bfb6-75e4d1a27f81" />
  </Results>
  <TestDefinitions>
    <UnitTest name="BookOfEternityClient.Tests.TrustedLocalNamespaceJournalTests.UnknownLaterChildRetainsEveryEarlierAfterImage(directory: True)" storage="c:\users\eja\.codex\worktrees\portable-save-windows\the book of eternity reborn\bookofeternityclient.tests\bin\debug\net8.0\bookofeternityclient.tests.dll" id="524f20ca-cad0-2e71-099e-b06c06ef3038">
      <Execution id="c855e254-04b6-4b9e-93fe-dd327a6bb8fd" />
      <TestMethod codeBase="C:\Users\Eja\.codex\worktrees\portable-save-windows\The Book of Eternity Reborn\BookOfEternityClient.Tests\bin\Debug\net8.0\BookOfEternityClient.Tests.dll" adapterTypeName="executor://xunit/VsTestRunner2/netcoreapp" className="BookOfEternityClient.Tests.TrustedLocalNamespaceJournalTests" name="UnknownLaterChildRetainsEveryEarlierAfterImage" />
    </UnitTest>
    <UnitTest name="BookOfEternityClient.Tests.TrustedLocalNamespaceJournalTests.LateInvalidV3MetadataRetainsEveryEarlierMemberAndEvidence(mutation: &quot;unknown-boundary&quot;)" storage="c:\users\eja\.codex\worktrees\portable-save-windows\the book of eternity reborn\bookofeternityclient.tests\bin\debug\net8.0\bookofeternityclient.tests.dll" id="ce6a4b59-e98d-6cc8-8d3d-72e6b8906f4e">
      <Execution id="c6948933-1fc5-482e-b481-c4be5d7e349a" />
      <TestMethod codeBase="C:\Users\Eja\.codex\worktrees\portable-save-windows\The Book of Eternity Reborn\BookOfEternityClient.Tests\bin\Debug\net8.0\BookOfEternityClient.Tests.dll" adapterTypeName="executor://xunit/VsTestRunner2/netcoreapp" className="BookOfEternityClient.Tests.TrustedLocalNamespaceJournalTests" name="LateInvalidV3MetadataRetainsEveryEarlierMemberAndEvidence" />
    </UnitTest>
    <UnitTest name="BookOfEternityClient.Tests.TrustedLocalNamespaceJournalTests.IndependentV3FrameKeepsCompletePendingOrCommittedDecision(committed: True, reordered: True, libraryPresent: True, sourceBoundary: True)" storage="c:\users\eja\.codex\worktrees\portable-save-windows\the book of eternity reborn\bookofeternityclient.tests\bin\debug\net8.0\bookofeternityclient.tests.dll" id="cce7cf5f-97db-b0b7-04a4-6eabd79bb79e">
      <Execution id="c0941dc9-8e0a-472c-a250-43e3f0c28cfc" />
      <TestMethod codeBase="C:\Users\Eja\.codex\worktrees\portable-save-windows\The Book of Eternity Reborn\BookOfEternityClient.Tests\bin\Debug\net8.0\BookOfEternityClient.Tests.dll" adapterTypeName="executor://xunit/VsTestRunner2/netcoreapp" className="BookOfEternityClient.Tests.TrustedLocalNamespaceJournalTests" name="IndependentV3FrameKeepsCompletePendingOrCommittedDecision" />
    </UnitTest>
    <UnitTest name="BookOfEternityClient.Tests.TrustedLocalNamespaceJournalTests.LateInvalidV3MetadataRetainsEveryEarlierMemberAndEvidence(mutation: &quot;missing-has-region&quot;)" storage="c:\users\eja\.codex\worktrees\portable-save-windows\the book of eternity reborn\bookofeternityclient.tests\bin\debug\net8.0\bookofeternityclient.tests.dll" id="167f864b-f2aa-3344-4b16-4784ff8b097e">
      <Execution id="5311e219-0cf2-4118-8ac7-4faf9fd50c2a" />
      <TestMethod codeBase="C:\Users\Eja\.codex\worktrees\portable-save-windows\The Book of Eternity Reborn\BookOfEternityClient.Tests\bin\Debug\net8.0\BookOfEternityClient.Tests.dll" adapterTypeName="executor://xunit/VsTestRunner2/netcoreapp" className="BookOfEternityClient.Tests.TrustedLocalNamespaceJournalTests" name="LateInvalidV3MetadataRetainsEveryEarlierMemberAndEvidence" />
    </UnitTest>
    <UnitTest name="BookOfEternityClient.Tests.TrustedLocalNamespaceJournalTests.LateInvalidV3MetadataRetainsEveryEarlierMemberAndEvidence(mutation: &quot;duplicate-member&quot;)" storage="c:\users\eja\.codex\worktrees\portable-save-windows\the book of eternity reborn\bookofeternityclient.tests\bin\debug\net8.0\bookofeternityclient.tests.dll" id="b5214e4a-4f4a-36a2-bd16-46da3864280f">
      <Execution id="30b9afe7-eca1-412c-a540-df9cf8eb6231" />
      <TestMethod codeBase="C:\Users\Eja\.codex\worktrees\portable-save-windows\The Book of Eternity Reborn\BookOfEternityClient.Tests\bin\Debug\net8.0\BookOfEternityClient.Tests.dll" adapterTypeName="executor://xunit/VsTestRunner2/netcoreapp" className="BookOfEternityClient.Tests.TrustedLocalNamespaceJournalTests" name="LateInvalidV3MetadataRetainsEveryEarlierMemberAndEvidence" />
    </UnitTest>
    <UnitTest name="BookOfEternityClient.Tests.TrustedLocalNamespaceJournalTests.LateInvalidV3MetadataRetainsEveryEarlierMemberAndEvidence(mutation: &quot;late-hash&quot;)" storage="c:\users\eja\.codex\worktrees\portable-save-windows\the book of eternity reborn\bookofeternityclient.tests\bin\debug\net8.0\bookofeternityclient.tests.dll" id="e4b8196a-37a9-c0bc-26e7-32742a23d066">
      <Execution id="984efcce-bd47-47f5-8023-61a64ad3649c" />
      <TestMethod codeBase="C:\Users\Eja\.codex\worktrees\portable-save-windows\The Book of Eternity Reborn\BookOfEternityClient.Tests\bin\Debug\net8.0\BookOfEternityClient.Tests.dll" adapterTypeName="executor://xunit/VsTestRunner2/netcoreapp" className="BookOfEternityClient.Tests.TrustedLocalNamespaceJournalTests" name="LateInvalidV3MetadataRetainsEveryEarlierMemberAndEvidence" />
    </UnitTest>
    <UnitTest name="BookOfEternityClient.Tests.TrustedLocalNamespaceJournalTests.LateInvalidV3MetadataRetainsEveryEarlierMemberAndEvidence(mutation: &quot;region-overlap&quot;)" storage="c:\users\eja\.codex\worktrees\portable-save-windows\the book of eternity reborn\bookofeternityclient.tests\bin\debug\net8.0\bookofeternityclient.tests.dll" id="550c03c2-bbce-6aa2-2390-783f1bdf13ff">
      <Execution id="fe9734dd-fa3b-4467-94a7-fea9ab9eee2b" />
      <TestMethod codeBase="C:\Users\Eja\.codex\worktrees\portable-save-windows\The Book of Eternity Reborn\BookOfEternityClient.Tests\bin\Debug\net8.0\BookOfEternityClient.Tests.dll" adapterTypeName="executor://xunit/VsTestRunner2/netcoreapp" className="BookOfEternityClient.Tests.TrustedLocalNamespaceJournalTests" name="LateInvalidV3MetadataRetainsEveryEarlierMemberAndEvidence" />
    </UnitTest>
    <UnitTest name="BookOfEternityClient.Tests.TrustedLocalNamespaceJournalTests.LateInvalidV3MetadataRetainsEveryEarlierMemberAndEvidence(mutation: &quot;duplicate-root&quot;)" storage="c:\users\eja\.codex\worktrees\portable-save-windows\the book of eternity reborn\bookofeternityclient.tests\bin\debug\net8.0\bookofeternityclient.tests.dll" id="94f33a94-567f-015a-15b6-c1befb0bda32">
      <Execution id="a7aeaec1-7f03-44bd-bfb6-75e4d1a27f81" />
      <TestMethod codeBase="C:\Users\Eja\.codex\worktrees\portable-save-windows\The Book of Eternity Reborn\BookOfEternityClient.Tests\bin\Debug\net8.0\BookOfEternityClient.Tests.dll" adapterTypeName="executor://xunit/VsTestRunner2/netcoreapp" className="BookOfEternityClient.Tests.TrustedLocalNamespaceJournalTests" name="LateInvalidV3MetadataRetainsEveryEarlierMemberAndEvidence" />
    </UnitTest>
    <UnitTest name="BookOfEternityClient.Tests.TrustedLocalNamespaceJournalTests.LateInvalidV3MetadataRetainsEveryEarlierMemberAndEvidence(mutation: &quot;truncated-region&quot;)" storage="c:\users\eja\.codex\worktrees\portable-save-windows\the book of eternity reborn\bookofeternityclient.tests\bin\debug\net8.0\bookofeternityclient.tests.dll" id="729005bd-21d8-8d4a-ae6f-c83178a3ce9a">
      <Execution id="39543875-5a7c-40ba-aa65-963bc7362aee" />
      <TestMethod codeBase="C:\Users\Eja\.codex\worktrees\portable-save-windows\The Book of Eternity Reborn\BookOfEternityClient.Tests\bin\Debug\net8.0\BookOfEternityClient.Tests.dll" adapterTypeName="executor://xunit/VsTestRunner2/netcoreapp" className="BookOfEternityClient.Tests.TrustedLocalNamespaceJournalTests" name="LateInvalidV3MetadataRetainsEveryEarlierMemberAndEvidence" />
    </UnitTest>
    <UnitTest name="BookOfEternityClient.Tests.TrustedLocalNamespaceJournalTests.IndependentV3FrameKeepsCompletePendingOrCommittedDecision(committed: False, reordered: True, libraryPresent: False, sourceBoundary: False)" storage="c:\users\eja\.codex\worktrees\portable-save-windows\the book of eternity reborn\bookofeternityclient.tests\bin\debug\net8.0\bookofeternityclient.tests.dll" id="9c923d30-a084-90f5-be78-9bd2b833de24">
      <Execution id="4382c615-29dc-41a4-be5c-9de3aeb90f8a" />
      <TestMethod codeBase="C:\Users\Eja\.codex\worktrees\portable-save-windows\The Book of Eternity Reborn\BookOfEternityClient.Tests\bin\Debug\net8.0\BookOfEternityClient.Tests.dll" adapterTypeName="executor://xunit/VsTestRunner2/netcoreapp" className="BookOfEternityClient.Tests.TrustedLocalNamespaceJournalTests" name="IndependentV3FrameKeepsCompletePendingOrCommittedDecision" />
    </UnitTest>
    <UnitTest name="BookOfEternityClient.Tests.TrustedLocalNamespaceJournalTests.LateInvalidV3MetadataRetainsEveryEarlierMemberAndEvidence(mutation: &quot;trailing-region&quot;)" storage="c:\users\eja\.codex\worktrees\portable-save-windows\the book of eternity reborn\bookofeternityclient.tests\bin\debug\net8.0\bookofeternityclient.tests.dll" id="14f0c899-c47e-601b-d302-ed18114988aa">
      <Execution id="d1f615e6-5c61-408c-bd27-129ec6315b18" />
      <TestMethod codeBase="C:\Users\Eja\.codex\worktrees\portable-save-windows\The Book of Eternity Reborn\BookOfEternityClient.Tests\bin\Debug\net8.0\BookOfEternityClient.Tests.dll" adapterTypeName="executor://xunit/VsTestRunner2/netcoreapp" className="BookOfEternityClient.Tests.TrustedLocalNamespaceJournalTests" name="LateInvalidV3MetadataRetainsEveryEarlierMemberAndEvidence" />
    </UnitTest>
    <UnitTest name="BookOfEternityClient.Tests.TrustedLocalNamespaceJournalTests.EveryV3FieldRejectsOmissionWrongTypeAndForbiddenNull" storage="c:\users\eja\.codex\worktrees\portable-save-windows\the book of eternity reborn\bookofeternityclient.tests\bin\debug\net8.0\bookofeternityclient.tests.dll" id="c3cd89b8-8d96-8f0a-6d65-d814008d2a8a">
      <Execution id="11927d94-c9a8-48e7-a2e8-a1befa0c11cc" />
      <TestMethod codeBase="C:\Users\Eja\.codex\worktrees\portable-save-windows\The Book of Eternity Reborn\BookOfEternityClient.Tests\bin\Debug\net8.0\BookOfEternityClient.Tests.dll" adapterTypeName="executor://xunit/VsTestRunner2/netcoreapp" className="BookOfEternityClient.Tests.TrustedLocalNamespaceJournalTests" name="EveryV3FieldRejectsOmissionWrongTypeAndForbiddenNull" />
    </UnitTest>
    <UnitTest name="BookOfEternityClient.Tests.TrustedLocalNamespaceJournalTests.LateInvalidV3MetadataRetainsEveryEarlierMemberAndEvidence(mutation: &quot;duplicate-image&quot;)" storage="c:\users\eja\.codex\worktrees\portable-save-windows\the book of eternity reborn\bookofeternityclient.tests\bin\debug\net8.0\bookofeternityclient.tests.dll" id="a88a0fed-8060-5d7b-6e2d-1a7b317711b6">
      <Execution id="7b23bf74-4fe3-42a9-b507-22c9a917db2a" />
      <TestMethod codeBase="C:\Users\Eja\.codex\worktrees\portable-save-windows\The Book of Eternity Reborn\BookOfEternityClient.Tests\bin\Debug\net8.0\BookOfEternityClient.Tests.dll" adapterTypeName="executor://xunit/VsTestRunner2/netcoreapp" className="BookOfEternityClient.Tests.TrustedLocalNamespaceJournalTests" name="LateInvalidV3MetadataRetainsEveryEarlierMemberAndEvidence" />
    </UnitTest>
    <UnitTest name="BookOfEternityClient.Tests.TrustedLocalNamespaceJournalTests.LateInvalidV3MetadataRetainsEveryEarlierMemberAndEvidence(mutation: &quot;unknown-kind&quot;)" storage="c:\users\eja\.codex\worktrees\portable-save-windows\the book of eternity reborn\bookofeternityclient.tests\bin\debug\net8.0\bookofeternityclient.tests.dll" id="cf886efe-f00d-b54b-e433-93fd996d3cf1">
      <Execution id="0d026fae-8c42-4b3b-9bef-02cca67d5b3a" />
      <TestMethod codeBase="C:\Users\Eja\.codex\worktrees\portable-save-windows\The Book of Eternity Reborn\BookOfEternityClient.Tests\bin\Debug\net8.0\BookOfEternityClient.Tests.dll" adapterTypeName="executor://xunit/VsTestRunner2/netcoreapp" className="BookOfEternityClient.Tests.TrustedLocalNamespaceJournalTests" name="LateInvalidV3MetadataRetainsEveryEarlierMemberAndEvidence" />
    </UnitTest>
    <UnitTest name="BookOfEternityClient.Tests.TrustedLocalNamespaceJournalTests.LateInvalidV3MetadataRetainsEveryEarlierMemberAndEvidence(mutation: &quot;directory-has-region&quot;)" storage="c:\users\eja\.codex\worktrees\portable-save-windows\the book of eternity reborn\bookofeternityclient.tests\bin\debug\net8.0\bookofeternityclient.tests.dll" id="1ebf84e9-6532-c7f6-c314-4992c4c176a6">
      <Execution id="6187c529-eb49-454d-a9cd-92225d74c99a" />
      <TestMethod codeBase="C:\Users\Eja\.codex\worktrees\portable-save-windows\The Book of Eternity Reborn\BookOfEternityClient.Tests\bin\Debug\net8.0\BookOfEternityClient.Tests.dll" adapterTypeName="executor://xunit/VsTestRunner2/netcoreapp" className="BookOfEternityClient.Tests.TrustedLocalNamespaceJournalTests" name="LateInvalidV3MetadataRetainsEveryEarlierMemberAndEvidence" />
    </UnitTest>
    <UnitTest name="BookOfEternityClient.Tests.TrustedLocalNamespaceJournalTests.LateInvalidV3MetadataRetainsEveryEarlierMemberAndEvidence(mutation: &quot;duplicate-boundary&quot;)" storage="c:\users\eja\.codex\worktrees\portable-save-windows\the book of eternity reborn\bookofeternityclient.tests\bin\debug\net8.0\bookofeternityclient.tests.dll" id="d60590e7-0093-0cb4-9a5d-e17bac2eba64">
      <Execution id="143f3191-3698-4336-8e78-7e6cfe1ce98c" />
      <TestMethod codeBase="C:\Users\Eja\.codex\worktrees\portable-save-windows\The Book of Eternity Reborn\BookOfEternityClient.Tests\bin\Debug\net8.0\BookOfEternityClient.Tests.dll" adapterTypeName="executor://xunit/VsTestRunner2/netcoreapp" className="BookOfEternityClient.Tests.TrustedLocalNamespaceJournalTests" name="LateInvalidV3MetadataRetainsEveryEarlierMemberAndEvidence" />
    </UnitTest>
    <UnitTest name="BookOfEternityClient.Tests.TrustedLocalNamespaceJournalTests.LateInvalidV3MetadataRetainsEveryEarlierMemberAndEvidence(mutation: &quot;duplicate-generation&quot;)" storage="c:\users\eja\.codex\worktrees\portable-save-windows\the book of eternity reborn\bookofeternityclient.tests\bin\debug\net8.0\bookofeternityclient.tests.dll" id="800393e3-4108-0099-36e5-939b76b8382d">
      <Execution id="c7742910-1b16-4ba7-85e6-fb449394edeb" />
      <TestMethod codeBase="C:\Users\Eja\.codex\worktrees\portable-save-windows\The Book of Eternity Reborn\BookOfEternityClient.Tests\bin\Debug\net8.0\BookOfEternityClient.Tests.dll" adapterTypeName="executor://xunit/VsTestRunner2/netcoreapp" className="BookOfEternityClient.Tests.TrustedLocalNamespaceJournalTests" name="LateInvalidV3MetadataRetainsEveryEarlierMemberAndEvidence" />
    </UnitTest>
    <UnitTest name="BookOfEternityClient.Tests.TrustedLocalNamespaceJournalTests.IndependentV3FrameKeepsCompletePendingOrCommittedDecision(committed: True, reordered: True, libraryPresent: False, sourceBoundary: False)" storage="c:\users\eja\.codex\worktrees\portable-save-windows\the book of eternity reborn\bookofeternityclient.tests\bin\debug\net8.0\bookofeternityclient.tests.dll" id="b6ac6a78-0ec1-6da3-ba3a-49c3583850f5">
      <Execution id="1bf1403c-ba72-4adf-986d-6e4fc8e72913" />
      <TestMethod codeBase="C:\Users\Eja\.codex\worktrees\portable-save-windows\The Book of Eternity Reborn\BookOfEternityClient.Tests\bin\Debug\net8.0\BookOfEternityClient.Tests.dll" adapterTypeName="executor://xunit/VsTestRunner2/netcoreapp" className="BookOfEternityClient.Tests.TrustedLocalNamespaceJournalTests" name="IndependentV3FrameKeepsCompletePendingOrCommittedDecision" />
    </UnitTest>
    <UnitTest name="BookOfEternityClient.Tests.TrustedLocalNamespaceJournalTests.LateInvalidV3MetadataRetainsEveryEarlierMemberAndEvidence(mutation: &quot;region-overflow&quot;)" storage="c:\users\eja\.codex\worktrees\portable-save-windows\the book of eternity reborn\bookofeternityclient.tests\bin\debug\net8.0\bookofeternityclient.tests.dll" id="6efbeccc-1c60-58c6-0662-24fb0a610c06">
      <Execution id="e8cdfd8d-f7f5-4ff7-acd0-089cc34f7556" />
      <TestMethod codeBase="C:\Users\Eja\.codex\worktrees\portable-save-windows\The Book of Eternity Reborn\BookOfEternityClient.Tests\bin\Debug\net8.0\BookOfEternityClient.Tests.dll" adapterTypeName="executor://xunit/VsTestRunner2/netcoreapp" className="BookOfEternityClient.Tests.TrustedLocalNamespaceJournalTests" name="LateInvalidV3MetadataRetainsEveryEarlierMemberAndEvidence" />
    </UnitTest>
    <UnitTest name="BookOfEternityClient.Tests.TrustedLocalNamespaceJournalTests.IndependentV3FrameKeepsCompletePendingOrCommittedDecision(committed: False, reordered: False, libraryPresent: True, sourceBoundary: False)" storage="c:\users\eja\.codex\worktrees\portable-save-windows\the book of eternity reborn\bookofeternityclient.tests\bin\debug\net8.0\bookofeternityclient.tests.dll" id="9516e545-00a8-435a-518f-cb0263ce1a5c">
      <Execution id="2b2feff7-2652-42cd-bcea-9413ce635baa" />
      <TestMethod codeBase="C:\Users\Eja\.codex\worktrees\portable-save-windows\The Book of Eternity Reborn\BookOfEternityClient.Tests\bin\Debug\net8.0\BookOfEternityClient.Tests.dll" adapterTypeName="executor://xunit/VsTestRunner2/netcoreapp" className="BookOfEternityClient.Tests.TrustedLocalNamespaceJournalTests" name="IndependentV3FrameKeepsCompletePendingOrCommittedDecision" />
    </UnitTest>
    <UnitTest name="BookOfEternityClient.Tests.TrustedLocalNamespaceJournalTests.IndependentV3FrameKeepsCompletePendingOrCommittedDecision(committed: False, reordered: True, libraryPresent: True, sourceBoundary: True)" storage="c:\users\eja\.codex\worktrees\portable-save-windows\the book of eternity reborn\bookofeternityclient.tests\bin\debug\net8.0\bookofeternityclient.tests.dll" id="d1a88c17-36d6-dbb7-3b5f-f2ca6d6884b1">
      <Execution id="9addccc3-3378-4c30-8eb8-fb8ad8f6294d" />
      <TestMethod codeBase="C:\Users\Eja\.codex\worktrees\portable-save-windows\The Book of Eternity Reborn\BookOfEternityClient.Tests\bin\Debug\net8.0\BookOfEternityClient.Tests.dll" adapterTypeName="executor://xunit/VsTestRunner2/netcoreapp" className="BookOfEternityClient.Tests.TrustedLocalNamespaceJournalTests" name="IndependentV3FrameKeepsCompletePendingOrCommittedDecision" />
    </UnitTest>
    <UnitTest name="BookOfEternityClient.Tests.TrustedLocalNamespaceJournalTests.IndependentV3FrameKeepsCompletePendingOrCommittedDecision(committed: True, reordered: False, libraryPresent: True, sourceBoundary: False)" storage="c:\users\eja\.codex\worktrees\portable-save-windows\the book of eternity reborn\bookofeternityclient.tests\bin\debug\net8.0\bookofeternityclient.tests.dll" id="aa238e58-53f6-c961-3203-5caa7252e448">
      <Execution id="19ca7658-bd9c-49e6-a3ef-e0ef46b30700" />
      <TestMethod codeBase="C:\Users\Eja\.codex\worktrees\portable-save-windows\The Book of Eternity Reborn\BookOfEternityClient.Tests\bin\Debug\net8.0\BookOfEternityClient.Tests.dll" adapterTypeName="executor://xunit/VsTestRunner2/netcoreapp" className="BookOfEternityClient.Tests.TrustedLocalNamespaceJournalTests" name="IndependentV3FrameKeepsCompletePendingOrCommittedDecision" />
    </UnitTest>
    <UnitTest name="BookOfEternityClient.Tests.TrustedLocalNamespaceJournalTests.UnknownLaterChildRetainsEveryEarlierAfterImage(directory: False)" storage="c:\users\eja\.codex\worktrees\portable-save-windows\the book of eternity reborn\bookofeternityclient.tests\bin\debug\net8.0\bookofeternityclient.tests.dll" id="b5039a7c-f3cf-8448-39f5-748dd9d69078">
      <Execution id="bb097710-0ca3-4fd2-ba4f-4b45e436abd5" />
      <TestMethod codeBase="C:\Users\Eja\.codex\worktrees\portable-save-windows\The Book of Eternity Reborn\BookOfEternityClient.Tests\bin\Debug\net8.0\BookOfEternityClient.Tests.dll" adapterTypeName="executor://xunit/VsTestRunner2/netcoreapp" className="BookOfEternityClient.Tests.TrustedLocalNamespaceJournalTests" name="UnknownLaterChildRetainsEveryEarlierAfterImage" />
    </UnitTest>
    <UnitTest name="BookOfEternityClient.Tests.TrustedLocalNamespaceJournalTests.LateInvalidV3MetadataRetainsEveryEarlierMemberAndEvidence(mutation: &quot;negative-length&quot;)" storage="c:\users\eja\.codex\worktrees\portable-save-windows\the book of eternity reborn\bookofeternityclient.tests\bin\debug\net8.0\bookofeternityclient.tests.dll" id="da6f108b-eae9-bb80-ba72-e438b56cfb39">
      <Execution id="219b015b-f6cb-4f9a-97b4-8ec4c8c442c5" />
      <TestMethod codeBase="C:\Users\Eja\.codex\worktrees\portable-save-windows\The Book of Eternity Reborn\BookOfEternityClient.Tests\bin\Debug\net8.0\BookOfEternityClient.Tests.dll" adapterTypeName="executor://xunit/VsTestRunner2/netcoreapp" className="BookOfEternityClient.Tests.TrustedLocalNamespaceJournalTests" name="LateInvalidV3MetadataRetainsEveryEarlierMemberAndEvidence" />
    </UnitTest>
    <UnitTest name="BookOfEternityClient.Tests.TrustedLocalNamespaceJournalTests.UnsupportedNamespaceAuthorityRetainsExactEvidence(mutation: &quot;unknown-directory-blocker&quot;)" storage="c:\users\eja\.codex\worktrees\portable-save-windows\the book of eternity reborn\bookofeternityclient.tests\bin\debug\net8.0\bookofeternityclient.tests.dll" id="70eee013-490b-2d44-3f70-5b08e5925587">
      <Execution id="9916c6e6-b226-4d8a-8cc4-f0b3f0fc415f" />
      <TestMethod codeBase="C:\Users\Eja\.codex\worktrees\portable-save-windows\The Book of Eternity Reborn\BookOfEternityClient.Tests\bin\Debug\net8.0\BookOfEternityClient.Tests.dll" adapterTypeName="executor://xunit/VsTestRunner2/netcoreapp" className="BookOfEternityClient.Tests.TrustedLocalNamespaceJournalTests" name="UnsupportedNamespaceAuthorityRetainsExactEvidence" />
    </UnitTest>
    <UnitTest name="BookOfEternityClient.Tests.TrustedLocalNamespaceJournalTests.UnsupportedNamespaceAuthorityRetainsExactEvidence(mutation: &quot;extra-directory-boundary&quot;)" storage="c:\users\eja\.codex\worktrees\portable-save-windows\the book of eternity reborn\bookofeternityclient.tests\bin\debug\net8.0\bookofeternityclient.tests.dll" id="10d4e4d2-beec-5896-2660-954f6d684016">
      <Execution id="a1ea05e8-9b47-4dd9-9614-1fbf0669f634" />
      <TestMethod codeBase="C:\Users\Eja\.codex\worktrees\portable-save-windows\The Book of Eternity Reborn\BookOfEternityClient.Tests\bin\Debug\net8.0\BookOfEternityClient.Tests.dll" adapterTypeName="executor://xunit/VsTestRunner2/netcoreapp" className="BookOfEternityClient.Tests.TrustedLocalNamespaceJournalTests" name="UnsupportedNamespaceAuthorityRetainsExactEvidence" />
    </UnitTest>
    <UnitTest name="BookOfEternityClient.Tests.TrustedLocalNamespaceJournalTests.UnsupportedNamespaceAuthorityRetainsExactEvidence(mutation: &quot;library-file&quot;)" storage="c:\users\eja\.codex\worktrees\portable-save-windows\the book of eternity reborn\bookofeternityclient.tests\bin\debug\net8.0\bookofeternityclient.tests.dll" id="ce7d6a59-d631-af06-594a-f956a9f30005">
      <Execution id="766c33d6-d9a3-4607-844f-8f2d862a5648" />
      <TestMethod codeBase="C:\Users\Eja\.codex\worktrees\portable-save-windows\The Book of Eternity Reborn\BookOfEternityClient.Tests\bin\Debug\net8.0\BookOfEternityClient.Tests.dll" adapterTypeName="executor://xunit/VsTestRunner2/netcoreapp" className="BookOfEternityClient.Tests.TrustedLocalNamespaceJournalTests" name="UnsupportedNamespaceAuthorityRetainsExactEvidence" />
    </UnitTest>
    <UnitTest name="BookOfEternityClient.Tests.TrustedLocalNamespaceJournalTests.LateInvalidV3MetadataRetainsEveryEarlierMemberAndEvidence(mutation: &quot;extra-root&quot;)" storage="c:\users\eja\.codex\worktrees\portable-save-windows\the book of eternity reborn\bookofeternityclient.tests\bin\debug\net8.0\bookofeternityclient.tests.dll" id="014e26e8-a8b0-97d3-c792-ac9355bcb208">
      <Execution id="a25065e6-5c1d-4bac-be2c-c502c55431c9" />
      <TestMethod codeBase="C:\Users\Eja\.codex\worktrees\portable-save-windows\The Book of Eternity Reborn\BookOfEternityClient.Tests\bin\Debug\net8.0\BookOfEternityClient.Tests.dll" adapterTypeName="executor://xunit/VsTestRunner2/netcoreapp" className="BookOfEternityClient.Tests.TrustedLocalNamespaceJournalTests" name="LateInvalidV3MetadataRetainsEveryEarlierMemberAndEvidence" />
    </UnitTest>
    <UnitTest name="BookOfEternityClient.Tests.TrustedLocalNamespaceJournalTests.LateInvalidV3MetadataRetainsEveryEarlierMemberAndEvidence(mutation: &quot;huge-declared-metadata&quot;)" storage="c:\users\eja\.codex\worktrees\portable-save-windows\the book of eternity reborn\bookofeternityclient.tests\bin\debug\net8.0\bookofeternityclient.tests.dll" id="f58c553d-7bf3-bb64-d9a6-afa60e99450a">
      <Execution id="92bba493-4b9c-4a4c-9027-3bf0ac599f75" />
      <TestMethod codeBase="C:\Users\Eja\.codex\worktrees\portable-save-windows\The Book of Eternity Reborn\BookOfEternityClient.Tests\bin\Debug\net8.0\BookOfEternityClient.Tests.dll" adapterTypeName="executor://xunit/VsTestRunner2/netcoreapp" className="BookOfEternityClient.Tests.TrustedLocalNamespaceJournalTests" name="LateInvalidV3MetadataRetainsEveryEarlierMemberAndEvidence" />
    </UnitTest>
    <UnitTest name="BookOfEternityClient.Tests.TrustedLocalNamespaceJournalTests.UnsupportedNamespaceAuthorityRetainsExactEvidence(mutation: &quot;required-directory-missing&quot;)" storage="c:\users\eja\.codex\worktrees\portable-save-windows\the book of eternity reborn\bookofeternityclient.tests\bin\debug\net8.0\bookofeternityclient.tests.dll" id="2af01950-2a09-65ee-4c90-34d696b5d1b0">
      <Execution id="888e18c5-b3fb-4534-b3be-5c1e2e8fb913" />
      <TestMethod codeBase="C:\Users\Eja\.codex\worktrees\portable-save-windows\The Book of Eternity Reborn\BookOfEternityClient.Tests\bin\Debug\net8.0\BookOfEternityClient.Tests.dll" adapterTypeName="executor://xunit/VsTestRunner2/netcoreapp" className="BookOfEternityClient.Tests.TrustedLocalNamespaceJournalTests" name="UnsupportedNamespaceAuthorityRetainsExactEvidence" />
    </UnitTest>
    <UnitTest name="BookOfEternityClient.Tests.TrustedLocalNamespaceJournalTests.UnsupportedNamespaceAuthorityRetainsExactEvidence(mutation: &quot;root-missing&quot;)" storage="c:\users\eja\.codex\worktrees\portable-save-windows\the book of eternity reborn\bookofeternityclient.tests\bin\debug\net8.0\bookofeternityclient.tests.dll" id="cc4c0c32-7334-1845-7e02-a4b99c470b73">
      <Execution id="7595eec5-b003-4d12-8ad4-c3999a43eaa4" />
      <TestMethod codeBase="C:\Users\Eja\.codex\worktrees\portable-save-windows\The Book of Eternity Reborn\BookOfEternityClient.Tests\bin\Debug\net8.0\BookOfEternityClient.Tests.dll" adapterTypeName="executor://xunit/VsTestRunner2/netcoreapp" className="BookOfEternityClient.Tests.TrustedLocalNamespaceJournalTests" name="UnsupportedNamespaceAuthorityRetainsExactEvidence" />
    </UnitTest>
    <UnitTest name="BookOfEternityClient.Tests.TrustedLocalNamespaceJournalTests.LateInvalidV3MetadataRetainsEveryEarlierMemberAndEvidence(mutation: &quot;region-gap&quot;)" storage="c:\users\eja\.codex\worktrees\portable-save-windows\the book of eternity reborn\bookofeternityclient.tests\bin\debug\net8.0\bookofeternityclient.tests.dll" id="778b86c5-f94c-fe52-3fbb-83dcad588716">
      <Execution id="6312ed09-00a0-4af6-9e97-a45a23795df9" />
      <TestMethod codeBase="C:\Users\Eja\.codex\worktrees\portable-save-windows\The Book of Eternity Reborn\BookOfEternityClient.Tests\bin\Debug\net8.0\BookOfEternityClient.Tests.dll" adapterTypeName="executor://xunit/VsTestRunner2/netcoreapp" className="BookOfEternityClient.Tests.TrustedLocalNamespaceJournalTests" name="LateInvalidV3MetadataRetainsEveryEarlierMemberAndEvidence" />
    </UnitTest>
    <UnitTest name="BookOfEternityClient.Tests.TrustedLocalNamespaceJournalTests.UnsupportedNamespaceAuthorityRetainsExactEvidence(mutation: &quot;outside-member&quot;)" storage="c:\users\eja\.codex\worktrees\portable-save-windows\the book of eternity reborn\bookofeternityclient.tests\bin\debug\net8.0\bookofeternityclient.tests.dll" id="c6c4a74a-0b85-2d78-ab4e-71fd0fe5b3c8">
      <Execution id="dbe6fbba-83b8-4425-becc-3555075fa41a" />
      <TestMethod codeBase="C:\Users\Eja\.codex\worktrees\portable-save-windows\The Book of Eternity Reborn\BookOfEternityClient.Tests\bin\Debug\net8.0\BookOfEternityClient.Tests.dll" adapterTypeName="executor://xunit/VsTestRunner2/netcoreapp" className="BookOfEternityClient.Tests.TrustedLocalNamespaceJournalTests" name="UnsupportedNamespaceAuthorityRetainsExactEvidence" />
    </UnitTest>
  </TestDefinitions>
  <TestEntries>
    <TestEntry testId="70eee013-490b-2d44-3f70-5b08e5925587" executionId="9916c6e6-b226-4d8a-8cc4-f0b3f0fc415f" testListId="8c84fa94-04c1-424b-9868-57a2d4851a1d" />
    <TestEntry testId="b5214e4a-4f4a-36a2-bd16-46da3864280f" executionId="30b9afe7-eca1-412c-a540-df9cf8eb6231" testListId="8c84fa94-04c1-424b-9868-57a2d4851a1d" />
    <TestEntry testId="d60590e7-0093-0cb4-9a5d-e17bac2eba64" executionId="143f3191-3698-4336-8e78-7e6cfe1ce98c" testListId="8c84fa94-04c1-424b-9868-57a2d4851a1d" />
    <TestEntry testId="c6c4a74a-0b85-2d78-ab4e-71fd0fe5b3c8" executionId="dbe6fbba-83b8-4425-becc-3555075fa41a" testListId="8c84fa94-04c1-424b-9868-57a2d4851a1d" />
    <TestEntry testId="10d4e4d2-beec-5896-2660-954f6d684016" executionId="a1ea05e8-9b47-4dd9-9614-1fbf0669f634" testListId="8c84fa94-04c1-424b-9868-57a2d4851a1d" />
    <TestEntry testId="cc4c0c32-7334-1845-7e02-a4b99c470b73" executionId="7595eec5-b003-4d12-8ad4-c3999a43eaa4" testListId="8c84fa94-04c1-424b-9868-57a2d4851a1d" />
    <TestEntry testId="729005bd-21d8-8d4a-ae6f-c83178a3ce9a" executionId="39543875-5a7c-40ba-aa65-963bc7362aee" testListId="8c84fa94-04c1-424b-9868-57a2d4851a1d" />
    <TestEntry testId="1ebf84e9-6532-c7f6-c314-4992c4c176a6" executionId="6187c529-eb49-454d-a9cd-92225d74c99a" testListId="8c84fa94-04c1-424b-9868-57a2d4851a1d" />
    <TestEntry testId="167f864b-f2aa-3344-4b16-4784ff8b097e" executionId="5311e219-0cf2-4118-8ac7-4faf9fd50c2a" testListId="8c84fa94-04c1-424b-9868-57a2d4851a1d" />
    <TestEntry testId="ce6a4b59-e98d-6cc8-8d3d-72e6b8906f4e" executionId="c6948933-1fc5-482e-b481-c4be5d7e349a" testListId="8c84fa94-04c1-424b-9868-57a2d4851a1d" />
    <TestEntry testId="6efbeccc-1c60-58c6-0662-24fb0a610c06" executionId="e8cdfd8d-f7f5-4ff7-acd0-089cc34f7556" testListId="8c84fa94-04c1-424b-9868-57a2d4851a1d" />
    <TestEntry testId="014e26e8-a8b0-97d3-c792-ac9355bcb208" executionId="a25065e6-5c1d-4bac-be2c-c502c55431c9" testListId="8c84fa94-04c1-424b-9868-57a2d4851a1d" />
    <TestEntry testId="cf886efe-f00d-b54b-e433-93fd996d3cf1" executionId="0d026fae-8c42-4b3b-9bef-02cca67d5b3a" testListId="8c84fa94-04c1-424b-9868-57a2d4851a1d" />
    <TestEntry testId="550c03c2-bbce-6aa2-2390-783f1bdf13ff" executionId="fe9734dd-fa3b-4467-94a7-fea9ab9eee2b" testListId="8c84fa94-04c1-424b-9868-57a2d4851a1d" />
    <TestEntry testId="a88a0fed-8060-5d7b-6e2d-1a7b317711b6" executionId="7b23bf74-4fe3-42a9-b507-22c9a917db2a" testListId="8c84fa94-04c1-424b-9868-57a2d4851a1d" />
    <TestEntry testId="da6f108b-eae9-bb80-ba72-e438b56cfb39" executionId="219b015b-f6cb-4f9a-97b4-8ec4c8c442c5" testListId="8c84fa94-04c1-424b-9868-57a2d4851a1d" />
    <TestEntry testId="e4b8196a-37a9-c0bc-26e7-32742a23d066" executionId="984efcce-bd47-47f5-8023-61a64ad3649c" testListId="8c84fa94-04c1-424b-9868-57a2d4851a1d" />
    <TestEntry testId="b5039a7c-f3cf-8448-39f5-748dd9d69078" executionId="bb097710-0ca3-4fd2-ba4f-4b45e436abd5" testListId="8c84fa94-04c1-424b-9868-57a2d4851a1d" />
    <TestEntry testId="800393e3-4108-0099-36e5-939b76b8382d" executionId="c7742910-1b16-4ba7-85e6-fb449394edeb" testListId="8c84fa94-04c1-424b-9868-57a2d4851a1d" />
    <TestEntry testId="aa238e58-53f6-c961-3203-5caa7252e448" executionId="19ca7658-bd9c-49e6-a3ef-e0ef46b30700" testListId="8c84fa94-04c1-424b-9868-57a2d4851a1d" />
    <TestEntry testId="778b86c5-f94c-fe52-3fbb-83dcad588716" executionId="6312ed09-00a0-4af6-9e97-a45a23795df9" testListId="8c84fa94-04c1-424b-9868-57a2d4851a1d" />
    <TestEntry testId="14f0c899-c47e-601b-d302-ed18114988aa" executionId="d1f615e6-5c61-408c-bd27-129ec6315b18" testListId="8c84fa94-04c1-424b-9868-57a2d4851a1d" />
    <TestEntry testId="c3cd89b8-8d96-8f0a-6d65-d814008d2a8a" executionId="11927d94-c9a8-48e7-a2e8-a1befa0c11cc" testListId="8c84fa94-04c1-424b-9868-57a2d4851a1d" />
    <TestEntry testId="9c923d30-a084-90f5-be78-9bd2b833de24" executionId="4382c615-29dc-41a4-be5c-9de3aeb90f8a" testListId="8c84fa94-04c1-424b-9868-57a2d4851a1d" />
    <TestEntry testId="9516e545-00a8-435a-518f-cb0263ce1a5c" executionId="2b2feff7-2652-42cd-bcea-9413ce635baa" testListId="8c84fa94-04c1-424b-9868-57a2d4851a1d" />
    <TestEntry testId="b6ac6a78-0ec1-6da3-ba3a-49c3583850f5" executionId="1bf1403c-ba72-4adf-986d-6e4fc8e72913" testListId="8c84fa94-04c1-424b-9868-57a2d4851a1d" />
    <TestEntry testId="524f20ca-cad0-2e71-099e-b06c06ef3038" executionId="c855e254-04b6-4b9e-93fe-dd327a6bb8fd" testListId="8c84fa94-04c1-424b-9868-57a2d4851a1d" />
    <TestEntry testId="cce7cf5f-97db-b0b7-04a4-6eabd79bb79e" executionId="c0941dc9-8e0a-472c-a250-43e3f0c28cfc" testListId="8c84fa94-04c1-424b-9868-57a2d4851a1d" />
    <TestEntry testId="ce7d6a59-d631-af06-594a-f956a9f30005" executionId="766c33d6-d9a3-4607-844f-8f2d862a5648" testListId="8c84fa94-04c1-424b-9868-57a2d4851a1d" />
    <TestEntry testId="2af01950-2a09-65ee-4c90-34d696b5d1b0" executionId="888e18c5-b3fb-4534-b3be-5c1e2e8fb913" testListId="8c84fa94-04c1-424b-9868-57a2d4851a1d" />
    <TestEntry testId="f58c553d-7bf3-bb64-d9a6-afa60e99450a" executionId="92bba493-4b9c-4a4c-9027-3bf0ac599f75" testListId="8c84fa94-04c1-424b-9868-57a2d4851a1d" />
    <TestEntry testId="d1a88c17-36d6-dbb7-3b5f-f2ca6d6884b1" executionId="9addccc3-3378-4c30-8eb8-fb8ad8f6294d" testListId="8c84fa94-04c1-424b-9868-57a2d4851a1d" />
    <TestEntry testId="94f33a94-567f-015a-15b6-c1befb0bda32" executionId="a7aeaec1-7f03-44bd-bfb6-75e4d1a27f81" testListId="8c84fa94-04c1-424b-9868-57a2d4851a1d" />
  </TestEntries>
  <TestLists>
    <TestList name="Список результатов" id="8c84fa94-04c1-424b-9868-57a2d4851a1d" />
    <TestList name="Все загруженные результаты" id="19431567-8539-422a-85d7-44ee4e166bda" />
  </TestLists>
  <ResultSummary outcome="Completed">
    <Counters total="33" executed="33" passed="33" failed="0" error="0" timeout="0" aborted="0" inconclusive="0" passedButRunAborted="0" notRunnable="0" notExecuted="0" disconnected="0" warning="0" completed="0" inProgress="0" pending="0" />
    <Output>
      <StdOut>[xUnit.net 00:00:00.00] xUnit.net VSTest Adapter v2.8.2+699d445a1a (64-bit .NET 8.0.31)&#xD;
[xUnit.net 00:00:00.28]   Discovering: BookOfEternityClient.Tests&#xD;
[xUnit.net 00:00:02.36]   Discovered:  BookOfEternityClient.Tests&#xD;
[xUnit.net 00:00:02.38]   Starting:    BookOfEternityClient.Tests&#xD;
[xUnit.net 00:00:13.90]   Finished:    BookOfEternityClient.Tests&#xD;
</StdOut>
    </Output>
  </ResultSummary>
</TestRun>