  Determining projects to restore...
  Restored /repo/tests/fixtures/PortableStorageCrashHost/PortableStorageCrashHost.csproj (in 476 ms).
  Restored /repo/BookOfEternityClient.Tests/BookOfEternityClient.Tests.csproj (in 43 ms).
  2 of 4 projects are up-to-date for restore.
  BookOfEternityClient -> /repo/BookOfEternityClient/bin/Debug/net8.0/BookOfEternityClient.dll
  BookOfEternityClient.TestSupport -> /repo/BookOfEternityClient.TestSupport/bin/Debug/net8.0/BookOfEternityClient.TestSupport.dll
  PortableStorageCrashHost -> /repo/tests/fixtures/PortableStorageCrashHost/bin/Debug/net8.0/PortableStorageCrashHost.dll
/repo/BookOfEternityClient.Tests/PortableSessionRootKeyTests.cs(114,41): warning CS8600: Converting null literal or possible null value to non-nullable type. [/repo/BookOfEternityClient.Tests/BookOfEternityClient.Tests.csproj]
/repo/BookOfEternityClient.Tests/PortableSaveOutcomeTests.cs(47,39): warning xUnit2031: Do not use a Where clause to filter before calling Assert.Single. Use the overload of Assert.Single that accepts a filtering function. (https://xunit.net/xunit.analyzers/rules/xUnit2031) [/repo/BookOfEternityClient.Tests/BookOfEternityClient.Tests.csproj]
/repo/BookOfEternityClient.Tests/PortableSaveOutcomeTests.cs(74,27): warning xUnit2031: Do not use a Where clause to filter before calling Assert.Single. Use the overload of Assert.Single that accepts a filtering function. (https://xunit.net/xunit.analyzers/rules/xUnit2031) [/repo/BookOfEternityClient.Tests/BookOfEternityClient.Tests.csproj]
/repo/BookOfEternityClient.Tests/PortableSaveOutcomeTests.cs(80,27): warning xUnit2031: Do not use a Where clause to filter before calling Assert.Single. Use the overload of Assert.Single that accepts a filtering function. (https://xunit.net/xunit.analyzers/rules/xUnit2031) [/repo/BookOfEternityClient.Tests/BookOfEternityClient.Tests.csproj]
/repo/BookOfEternityClient.Tests/PortableSaveFilesystemCallerTests.cs(126,23): warning xUnit2031: Do not use a Where clause to filter before calling Assert.Single. Use the overload of Assert.Single that accepts a filtering function. (https://xunit.net/xunit.analyzers/rules/xUnit2031) [/repo/BookOfEternityClient.Tests/BookOfEternityClient.Tests.csproj]
/repo/BookOfEternityClient.Tests/PortableSaveOutcomeTests.cs(136,35): warning xUnit2031: Do not use a Where clause to filter before calling Assert.Single. Use the overload of Assert.Single that accepts a filtering function. (https://xunit.net/xunit.analyzers/rules/xUnit2031) [/repo/BookOfEternityClient.Tests/BookOfEternityClient.Tests.csproj]
/repo/BookOfEternityClient.Tests/PortableSaveBoundOutcomeTests.cs(42,35): warning xUnit2031: Do not use a Where clause to filter before calling Assert.Single. Use the overload of Assert.Single that accepts a filtering function. (https://xunit.net/xunit.analyzers/rules/xUnit2031) [/repo/BookOfEternityClient.Tests/BookOfEternityClient.Tests.csproj]
/repo/BookOfEternityClient.Tests/PortableSaveOutcomeTests.cs(348,22): warning xUnit2031: Do not use a Where clause to filter before calling Assert.Single. Use the overload of Assert.Single that accepts a filtering function. (https://xunit.net/xunit.analyzers/rules/xUnit2031) [/repo/BookOfEternityClient.Tests/BookOfEternityClient.Tests.csproj]
  BookOfEternityClient.Tests -> /repo/BookOfEternityClient.Tests/bin/Debug/net8.0/BookOfEternityClient.Tests.dll

Build succeeded.

/repo/BookOfEternityClient.Tests/PortableSessionRootKeyTests.cs(114,41): warning CS8600: Converting null literal or possible null value to non-nullable type. [/repo/BookOfEternityClient.Tests/BookOfEternityClient.Tests.csproj]
/repo/BookOfEternityClient.Tests/PortableSaveOutcomeTests.cs(47,39): warning xUnit2031: Do not use a Where clause to filter before calling Assert.Single. Use the overload of Assert.Single that accepts a filtering function. (https://xunit.net/xunit.analyzers/rules/xUnit2031) [/repo/BookOfEternityClient.Tests/BookOfEternityClient.Tests.csproj]
/repo/BookOfEternityClient.Tests/PortableSaveOutcomeTests.cs(74,27): warning xUnit2031: Do not use a Where clause to filter before calling Assert.Single. Use the overload of Assert.Single that accepts a filtering function. (https://xunit.net/xunit.analyzers/rules/xUnit2031) [/repo/BookOfEternityClient.Tests/BookOfEternityClient.Tests.csproj]
/repo/BookOfEternityClient.Tests/PortableSaveOutcomeTests.cs(80,27): warning xUnit2031: Do not use a Where clause to filter before calling Assert.Single. Use the overload of Assert.Single that accepts a filtering function. (https://xunit.net/xunit.analyzers/rules/xUnit2031) [/repo/BookOfEternityClient.Tests/BookOfEternityClient.Tests.csproj]
/repo/BookOfEternityClient.Tests/PortableSaveFilesystemCallerTests.cs(126,23): warning xUnit2031: Do not use a Where clause to filter before calling Assert.Single. Use the overload of Assert.Single that accepts a filtering function. (https://xunit.net/xunit.analyzers/rules/xUnit2031) [/repo/BookOfEternityClient.Tests/BookOfEternityClient.Tests.csproj]
/repo/BookOfEternityClient.Tests/PortableSaveOutcomeTests.cs(136,35): warning xUnit2031: Do not use a Where clause to filter before calling Assert.Single. Use the overload of Assert.Single that accepts a filtering function. (https://xunit.net/xunit.analyzers/rules/xUnit2031) [/repo/BookOfEternityClient.Tests/BookOfEternityClient.Tests.csproj]
/repo/BookOfEternityClient.Tests/PortableSaveBoundOutcomeTests.cs(42,35): warning xUnit2031: Do not use a Where clause to filter before calling Assert.Single. Use the overload of Assert.Single that accepts a filtering function. (https://xunit.net/xunit.analyzers/rules/xUnit2031) [/repo/BookOfEternityClient.Tests/BookOfEternityClient.Tests.csproj]
/repo/BookOfEternityClient.Tests/PortableSaveOutcomeTests.cs(348,22): warning xUnit2031: Do not use a Where clause to filter before calling Assert.Single. Use the overload of Assert.Single that accepts a filtering function. (https://xunit.net/xunit.analyzers/rules/xUnit2031) [/repo/BookOfEternityClient.Tests/BookOfEternityClient.Tests.csproj]
    8 Warning(s)
    0 Error(s)

Time Elapsed 00:00:54.45

