  Определение проектов для восстановления...
  Все проекты обновлены для восстановления.
[WORKTREE]\BookOfEternityClient\Core\GameEngine\GameEngine.IncarnationAndAfterlife.cs(1095,5): warning CS1587: За XML-комментарием не следует допустимый элемент языка [[WORKTREE]\BookOfEternityClient\BookOfEternityClient.csproj]
[WORKTREE]\BookOfEternityClient\UI\ExplorerMode\ExplorerMode.Npcs.ListAndDetails.cs(1637,5): warning CS1587: За XML-комментарием не следует допустимый элемент языка [[WORKTREE]\BookOfEternityClient\BookOfEternityClient.csproj]
[WORKTREE]\BookOfEternityClient\UI\ExplorerMode\ExplorerMode.Npcs.Trade.cs(756,5): warning CS1587: За XML-комментарием не следует допустимый элемент языка [[WORKTREE]\BookOfEternityClient\BookOfEternityClient.csproj]
  BookOfEternityClient -> [WORKTREE]\BookOfEternityClient\bin\Debug\net8.0\BookOfEternityClient.dll
  BookOfEternityClient.TestSupport -> [WORKTREE]\BookOfEternityClient.TestSupport\bin\Debug\net8.0\BookOfEternityClient.TestSupport.dll
  PortableStorageCrashHost -> [WORKTREE]\tests\fixtures\PortableStorageCrashHost\bin\Debug\net8.0\PortableStorageCrashHost.dll
[WORKTREE]\BookOfEternityClient.Tests\PortableSessionRootKeyTests.cs(114,41): warning CS8600: Преобразование литерала, допускающего значение NULL или возможного значения NULL в тип, не допускающий значение NULL. [[WORKTREE]\BookOfEternityClient.Tests\BookOfEternityClient.Tests.csproj]
[WORKTREE]\BookOfEternityClient.Tests\PortableSaveOutcomeTests.cs(47,39): warning xUnit2031: Do not use a Where clause to filter before calling Assert.Single. Use the overload of Assert.Single that accepts a filtering function. (https://xunit.net/xunit.analyzers/rules/xUnit2031) [[WORKTREE]\BookOfEternityClient.Tests\BookOfEternityClient.Tests.csproj]
[WORKTREE]\BookOfEternityClient.Tests\PortableSaveOutcomeTests.cs(74,27): warning xUnit2031: Do not use a Where clause to filter before calling Assert.Single. Use the overload of Assert.Single that accepts a filtering function. (https://xunit.net/xunit.analyzers/rules/xUnit2031) [[WORKTREE]\BookOfEternityClient.Tests\BookOfEternityClient.Tests.csproj]
[WORKTREE]\BookOfEternityClient.Tests\PortableSaveOutcomeTests.cs(80,27): warning xUnit2031: Do not use a Where clause to filter before calling Assert.Single. Use the overload of Assert.Single that accepts a filtering function. (https://xunit.net/xunit.analyzers/rules/xUnit2031) [[WORKTREE]\BookOfEternityClient.Tests\BookOfEternityClient.Tests.csproj]
[WORKTREE]\BookOfEternityClient.Tests\PortableSaveOutcomeTests.cs(136,35): warning xUnit2031: Do not use a Where clause to filter before calling Assert.Single. Use the overload of Assert.Single that accepts a filtering function. (https://xunit.net/xunit.analyzers/rules/xUnit2031) [[WORKTREE]\BookOfEternityClient.Tests\BookOfEternityClient.Tests.csproj]
[WORKTREE]\BookOfEternityClient.Tests\PortableSaveOutcomeTests.cs(228,22): warning xUnit2031: Do not use a Where clause to filter before calling Assert.Single. Use the overload of Assert.Single that accepts a filtering function. (https://xunit.net/xunit.analyzers/rules/xUnit2031) [[WORKTREE]\BookOfEternityClient.Tests\BookOfEternityClient.Tests.csproj]
  BookOfEternityClient.Tests -> [WORKTREE]\BookOfEternityClient.Tests\bin\Debug\net8.0\BookOfEternityClient.Tests.dll

Сборка успешно завершена.

[WORKTREE]\BookOfEternityClient\Core\GameEngine\GameEngine.IncarnationAndAfterlife.cs(1095,5): warning CS1587: За XML-комментарием не следует допустимый элемент языка [[WORKTREE]\BookOfEternityClient\BookOfEternityClient.csproj]
[WORKTREE]\BookOfEternityClient\UI\ExplorerMode\ExplorerMode.Npcs.ListAndDetails.cs(1637,5): warning CS1587: За XML-комментарием не следует допустимый элемент языка [[WORKTREE]\BookOfEternityClient\BookOfEternityClient.csproj]
[WORKTREE]\BookOfEternityClient\UI\ExplorerMode\ExplorerMode.Npcs.Trade.cs(756,5): warning CS1587: За XML-комментарием не следует допустимый элемент языка [[WORKTREE]\BookOfEternityClient\BookOfEternityClient.csproj]
[WORKTREE]\BookOfEternityClient.Tests\PortableSessionRootKeyTests.cs(114,41): warning CS8600: Преобразование литерала, допускающего значение NULL или возможного значения NULL в тип, не допускающий значение NULL. [[WORKTREE]\BookOfEternityClient.Tests\BookOfEternityClient.Tests.csproj]
[WORKTREE]\BookOfEternityClient.Tests\PortableSaveOutcomeTests.cs(47,39): warning xUnit2031: Do not use a Where clause to filter before calling Assert.Single. Use the overload of Assert.Single that accepts a filtering function. (https://xunit.net/xunit.analyzers/rules/xUnit2031) [[WORKTREE]\BookOfEternityClient.Tests\BookOfEternityClient.Tests.csproj]
[WORKTREE]\BookOfEternityClient.Tests\PortableSaveOutcomeTests.cs(74,27): warning xUnit2031: Do not use a Where clause to filter before calling Assert.Single. Use the overload of Assert.Single that accepts a filtering function. (https://xunit.net/xunit.analyzers/rules/xUnit2031) [[WORKTREE]\BookOfEternityClient.Tests\BookOfEternityClient.Tests.csproj]
[WORKTREE]\BookOfEternityClient.Tests\PortableSaveOutcomeTests.cs(80,27): warning xUnit2031: Do not use a Where clause to filter before calling Assert.Single. Use the overload of Assert.Single that accepts a filtering function. (https://xunit.net/xunit.analyzers/rules/xUnit2031) [[WORKTREE]\BookOfEternityClient.Tests\BookOfEternityClient.Tests.csproj]
[WORKTREE]\BookOfEternityClient.Tests\PortableSaveOutcomeTests.cs(136,35): warning xUnit2031: Do not use a Where clause to filter before calling Assert.Single. Use the overload of Assert.Single that accepts a filtering function. (https://xunit.net/xunit.analyzers/rules/xUnit2031) [[WORKTREE]\BookOfEternityClient.Tests\BookOfEternityClient.Tests.csproj]
[WORKTREE]\BookOfEternityClient.Tests\PortableSaveOutcomeTests.cs(228,22): warning xUnit2031: Do not use a Where clause to filter before calling Assert.Single. Use the overload of Assert.Single that accepts a filtering function. (https://xunit.net/xunit.analyzers/rules/xUnit2031) [[WORKTREE]\BookOfEternityClient.Tests\BookOfEternityClient.Tests.csproj]
    Предупреждений: 9
    Ошибок: 0

Прошло времени 00:02:24.60
