  Determining projects to restore...
  Restored /repo/tests/fixtures/PortableStorageCrashHost/PortableStorageCrashHost.csproj (in 1.14 min).
  Restored /repo/BookOfEternityClient/BookOfEternityClient.csproj (in 29 ms).
  Restored /repo/BookOfEternityClient.Tests/BookOfEternityClient.Tests.csproj (in 45.38 sec).
  Restored /repo/BookOfEternityClient.TestSupport/BookOfEternityClient.TestSupport.csproj (in 3 ms).
/repo/BookOfEternityClient/Core/GameEngine/GameEngine.IncarnationAndAfterlife.cs(1095,5): warning CS1587: XML comment is not placed on a valid language element [/repo/BookOfEternityClient/BookOfEternityClient.csproj]
/repo/BookOfEternityClient/UI/ExplorerMode/ExplorerMode.Npcs.ListAndDetails.cs(1637,5): warning CS1587: XML comment is not placed on a valid language element [/repo/BookOfEternityClient/BookOfEternityClient.csproj]
/repo/BookOfEternityClient/UI/ExplorerMode/ExplorerMode.Npcs.Trade.cs(756,5): warning CS1587: XML comment is not placed on a valid language element [/repo/BookOfEternityClient/BookOfEternityClient.csproj]
  BookOfEternityClient -> /repo/BookOfEternityClient/bin/Debug/net8.0/BookOfEternityClient.dll
  BookOfEternityClient.TestSupport -> /repo/BookOfEternityClient.TestSupport/bin/Debug/net8.0/BookOfEternityClient.TestSupport.dll
  PortableStorageCrashHost -> /repo/tests/fixtures/PortableStorageCrashHost/bin/Debug/net8.0/PortableStorageCrashHost.dll
/repo/BookOfEternityClient.Tests/PortableSessionRootKeyTests.cs(114,41): warning CS8600: Converting null literal or possible null value to non-nullable type. [/repo/BookOfEternityClient.Tests/BookOfEternityClient.Tests.csproj]
/repo/BookOfEternityClient.Tests/PortableSaveOutcomeTests.cs(47,39): warning xUnit2031: Do not use a Where clause to filter before calling Assert.Single. Use the overload of Assert.Single that accepts a filtering function. (https://xunit.net/xunit.analyzers/rules/xUnit2031) [/repo/BookOfEternityClient.Tests/BookOfEternityClient.Tests.csproj]
/repo/BookOfEternityClient.Tests/PortableSaveOutcomeTests.cs(74,27): warning xUnit2031: Do not use a Where clause to filter before calling Assert.Single. Use the overload of Assert.Single that accepts a filtering function. (https://xunit.net/xunit.analyzers/rules/xUnit2031) [/repo/BookOfEternityClient.Tests/BookOfEternityClient.Tests.csproj]
/repo/BookOfEternityClient.Tests/PortableSaveOutcomeTests.cs(80,27): warning xUnit2031: Do not use a Where clause to filter before calling Assert.Single. Use the overload of Assert.Single that accepts a filtering function. (https://xunit.net/xunit.analyzers/rules/xUnit2031) [/repo/BookOfEternityClient.Tests/BookOfEternityClient.Tests.csproj]
/repo/BookOfEternityClient.Tests/PortableSaveOutcomeTests.cs(136,35): warning xUnit2031: Do not use a Where clause to filter before calling Assert.Single. Use the overload of Assert.Single that accepts a filtering function. (https://xunit.net/xunit.analyzers/rules/xUnit2031) [/repo/BookOfEternityClient.Tests/BookOfEternityClient.Tests.csproj]
/repo/BookOfEternityClient.Tests/PortableSaveOutcomeTests.cs(348,22): warning xUnit2031: Do not use a Where clause to filter before calling Assert.Single. Use the overload of Assert.Single that accepts a filtering function. (https://xunit.net/xunit.analyzers/rules/xUnit2031) [/repo/BookOfEternityClient.Tests/BookOfEternityClient.Tests.csproj]
/repo/BookOfEternityClient.Tests/PortableSaveBoundOutcomeTests.cs(42,35): warning xUnit2031: Do not use a Where clause to filter before calling Assert.Single. Use the overload of Assert.Single that accepts a filtering function. (https://xunit.net/xunit.analyzers/rules/xUnit2031) [/repo/BookOfEternityClient.Tests/BookOfEternityClient.Tests.csproj]
  BookOfEternityClient.Tests -> /repo/BookOfEternityClient.Tests/bin/Debug/net8.0/BookOfEternityClient.Tests.dll

Build succeeded.

/repo/BookOfEternityClient/Core/GameEngine/GameEngine.IncarnationAndAfterlife.cs(1095,5): warning CS1587: XML comment is not placed on a valid language element [/repo/BookOfEternityClient/BookOfEternityClient.csproj]
/repo/BookOfEternityClient/UI/ExplorerMode/ExplorerMode.Npcs.ListAndDetails.cs(1637,5): warning CS1587: XML comment is not placed on a valid language element [/repo/BookOfEternityClient/BookOfEternityClient.csproj]
/repo/BookOfEternityClient/UI/ExplorerMode/ExplorerMode.Npcs.Trade.cs(756,5): warning CS1587: XML comment is not placed on a valid language element [/repo/BookOfEternityClient/BookOfEternityClient.csproj]
/repo/BookOfEternityClient.Tests/PortableSessionRootKeyTests.cs(114,41): warning CS8600: Converting null literal or possible null value to non-nullable type. [/repo/BookOfEternityClient.Tests/BookOfEternityClient.Tests.csproj]
/repo/BookOfEternityClient.Tests/PortableSaveOutcomeTests.cs(47,39): warning xUnit2031: Do not use a Where clause to filter before calling Assert.Single. Use the overload of Assert.Single that accepts a filtering function. (https://xunit.net/xunit.analyzers/rules/xUnit2031) [/repo/BookOfEternityClient.Tests/BookOfEternityClient.Tests.csproj]
/repo/BookOfEternityClient.Tests/PortableSaveOutcomeTests.cs(74,27): warning xUnit2031: Do not use a Where clause to filter before calling Assert.Single. Use the overload of Assert.Single that accepts a filtering function. (https://xunit.net/xunit.analyzers/rules/xUnit2031) [/repo/BookOfEternityClient.Tests/BookOfEternityClient.Tests.csproj]
/repo/BookOfEternityClient.Tests/PortableSaveOutcomeTests.cs(80,27): warning xUnit2031: Do not use a Where clause to filter before calling Assert.Single. Use the overload of Assert.Single that accepts a filtering function. (https://xunit.net/xunit.analyzers/rules/xUnit2031) [/repo/BookOfEternityClient.Tests/BookOfEternityClient.Tests.csproj]
/repo/BookOfEternityClient.Tests/PortableSaveOutcomeTests.cs(136,35): warning xUnit2031: Do not use a Where clause to filter before calling Assert.Single. Use the overload of Assert.Single that accepts a filtering function. (https://xunit.net/xunit.analyzers/rules/xUnit2031) [/repo/BookOfEternityClient.Tests/BookOfEternityClient.Tests.csproj]
/repo/BookOfEternityClient.Tests/PortableSaveOutcomeTests.cs(348,22): warning xUnit2031: Do not use a Where clause to filter before calling Assert.Single. Use the overload of Assert.Single that accepts a filtering function. (https://xunit.net/xunit.analyzers/rules/xUnit2031) [/repo/BookOfEternityClient.Tests/BookOfEternityClient.Tests.csproj]
/repo/BookOfEternityClient.Tests/PortableSaveBoundOutcomeTests.cs(42,35): warning xUnit2031: Do not use a Where clause to filter before calling Assert.Single. Use the overload of Assert.Single that accepts a filtering function. (https://xunit.net/xunit.analyzers/rules/xUnit2031) [/repo/BookOfEternityClient.Tests/BookOfEternityClient.Tests.csproj]
    10 Warning(s)
    0 Error(s)

Time Elapsed 00:04:40.52

Welcome to .NET 10.0!
---------------------
SDK Version: 10.0.401

----------------
Write your first app: https://aka.ms/dotnet-hello-world
Find out what's new: https://aka.ms/dotnet-whats-new
Explore documentation: https://aka.ms/dotnet-docs
Report issues and find source on GitHub: https://github.com/dotnet/core
Use 'dotnet --help' to see available commands or visit: https://aka.ms/dotnet-cli
--------------------------------------------------------------------------------------

