<?xml version="1.0" encoding="utf-8"?>
<TestRun id="be534a08-ce12-40d7-b51b-1ccdffbd3d82" name="@95e438a3e5cb 2026-10-03 18:46:01" xmlns="http://microsoft.com/schemas/VisualStudio/TeamTest/2010">
  <Times creation="2026-10-03T18:46:01.4520784-04:00" queuing="2026-10-03T18:46:01.4520784-04:00" start="2026-10-03T18:45:59.0879393-04:00" finish="2026-10-03T18:46:01.4568878-04:00" />
  <TestSettings name="default" id="fd4f086e-c7b9-4b29-a0b9-9d2bfa847117">
    <Deployment runDeploymentRoot="_95e438a3e5cb_2026-10-03_18_46_01" />
  </TestSettings>
  <Results>
    <UnitTestResult executionId="0e56294f-97c1-433b-94b4-c95ac167beb1" testId="cab82e1c-286d-0d52-beec-d5b6c681ab0a" testName="BookOfEternityClient.Tests.PortableLoadReplacementTests.ConfirmedCommitRetainsIdentityWhenRequiredRefreshFails" computerName="95e438a3e5cb" duration="00:00:00.4101601" startTime="2026-10-03T18:46:01.1960685-04:00" endTime="2026-10-03T18:46:01.1960823-04:00" testType="13cdc9d9-ddb5-4fa4-a97d-d965ccfc6d4b" outcome="Passed" testListId="8c84fa94-04c1-424b-9868-57a2d4851a1d" relativeResultsDirectory="0e56294f-97c1-433b-94b4-c95ac167beb1">
      <Output>
        <StdOut>Disposition=Committed; preparation=1; lifecycle opens=1; B1 phases=(IntentStaged, -1),(IntentPublished, -1),(MemberPublished, 21),(MemberStaged, 10),(MemberPublished, 10),(MemberStaged, 16),(MemberPublished, 16),(MemberStaged, 17),(MemberPublished, 17),(MemberStaged, 18),(MemberPublished, 18),(MemberStaged, 19),(MemberPublished, 19),(MemberStaged, 22),(MemberPublished, 22),(MemberStaged, 28),(MemberPublished, 28),(MemberStaged, 33),(MemberPublished, 33),(MemberStaged, 36),(MemberPublished, 36),(CommitStaged, -1),(Committed, -1),(CleanupMember, 10),(CleanupMember, 16),(CleanupMember, 17),(CleanupMember, 18),(CleanupMember, 19),(CleanupMember, 21),(CleanupMember, 22),(CleanupMember, 28),(CleanupMember, 33),(CleanupMember, 36),(CleanupComplete, -1)
System.IO.IOException: committed load refresh cut
   at BookOfEternityClient.Tests.PortableLoadReplacementTests.&lt;&gt;c__DisplayClass63_0.&lt;ConfirmedCommitRetainsIdentityWhenRequiredRefreshFails&gt;b__0() in [checkout]/BookOfEternityClient.IntegrationTests/PortableLoadReplacementTests.ReviewRegression.cs:line 451
   at BookOfEternityClient.Tests.PortableLoadReplacementTests.&lt;.ctor&gt;b__20_5() in [checkout]/BookOfEternityClient.IntegrationTests/PortableLoadReplacementTests.cs:line 59
   at BookOfEternityClient.Services.SaveLoadService.LoadGameWithOutcomeAsync(String saveFilePath, CancellationToken cancellationToken) in [checkout]/BookOfEternityClient/Services/SaveLoadService.Loading.cs:line 221</StdOut>
      </Output>
    </UnitTestResult>
    <UnitTestResult executionId="1262415e-f6f7-4afc-9a22-e3a65aa76916" testId="17e5098b-ca6b-8624-0026-988755a9771a" testName="BookOfEternityClient.Tests.PortableLoadReplacementTests.ConflictAfterGenerationPublicationDoesNotClaimAnEstablishedGeneration" computerName="95e438a3e5cb" duration="00:00:00.0805018" startTime="2026-10-03T18:46:01.3356053-04:00" endTime="2026-10-03T18:46:01.3356055-04:00" testType="13cdc9d9-ddb5-4fa4-a97d-d965ccfc6d4b" outcome="Passed" testListId="8c84fa94-04c1-424b-9868-57a2d4851a1d" relativeResultsDirectory="1262415e-f6f7-4afc-9a22-e3a65aa76916">
      <Output>
        <StdOut>Disposition=Uncertain; preparation=1; lifecycle opens=1; B1 phases=(IntentStaged, -1),(IntentPublished, -1),(MemberPublished, 21),(MemberStaged, 10),(MemberPublished, 10),(MemberStaged, 16),(MemberPublished, 16),(MemberStaged, 17),(MemberPublished, 17),(MemberStaged, 18),(MemberPublished, 18),(MemberStaged, 19),(MemberPublished, 19),(MemberStaged, 22),(MemberPublished, 22),(MemberStaged, 28),(MemberPublished, 28),(MemberStaged, 33),(MemberPublished, 33),(MemberStaged, 36),(MemberPublished, 36),(CommitStaged, -1)
System.AggregateException: One or more errors occurred. (load conflict after generation publication) (A namespace member has unknown kind or bytes; evidence retained.)
 ---&gt; System.InvalidOperationException: load conflict after generation publication
   at BookOfEternityClient.Tests.PortableLoadReplacementTests.&lt;&gt;c__DisplayClass62_0.&lt;ConflictAfterGenerationPublicationDoesNotClaimAnEstablishedGeneration&gt;b__0(TrustedLocalPublicationPhase phase, Int32 _) in [checkout]/BookOfEternityClient.IntegrationTests/PortableLoadReplacementTests.ReviewRegression.cs:line 427
   at BookOfEternityClient.Tests.PortableLoadReplacementTests.&lt;.ctor&gt;b__20_0(TrustedLocalPublicationPhase phase, Int32 index) in [checkout]/BookOfEternityClient.IntegrationTests/PortableLoadReplacementTests.cs:line 45
   at BookOfEternityClient.Core.TrustedLocalFilePublication.Observe(CanonicalWriteLease lease, Action`2 observer, TrustedLocalPublicationPhase phase, Int32 index) in [checkout]/BookOfEternityClient/Core/TrustedLocalFilePublication.cs:line 498
   at BookOfEternityClient.Core.TrustedLocalFilePublication.PublishNamespaceCore(CanonicalWriteLease lease, TrustedLocalGeneration generation, TrustedLocalNamespacePlan plan, Action`2 observer, PublicationAttempt attempt) in [checkout]/BookOfEternityClient/Core/TrustedLocalFilePublication.Namespace.cs:line 125
   at BookOfEternityClient.Core.TrustedLocalFilePublication.&lt;&gt;c__DisplayClass74_0.&lt;PublishNamespaceWithOutcome&gt;b__0(PublicationAttempt attempt) in [checkout]/BookOfEternityClient/Core/TrustedLocalFilePublication.Namespace.cs:line 28
   at BookOfEternityClient.Core.TrustedLocalFilePublication.PublishWithOutcome(CanonicalWriteLease lease, Func`2 publish) in [checkout]/BookOfEternityClient/Core/TrustedLocalFilePublication.cs:line 169
   --- End of inner exception stack trace ---
 ---&gt; (Inner Exception #1) System.IO.InvalidDataException: A namespace member has unknown kind or bytes; evidence retained.
   at BookOfEternityClient.Core.TrustedLocalFilePublication.PreflightNamespace(CanonicalWriteLease lease, NamespaceJournal journal, Boolean exactAfter, Boolean exactBefore) in [checkout]/BookOfEternityClient/Core/TrustedLocalFilePublication.Namespace.cs:line 336
   at BookOfEternityClient.Core.TrustedLocalFilePublication.RecoverNamespace(CanonicalWriteLease lease, NamespaceJournal journal, Action`2 observer) in [checkout]/BookOfEternityClient/Core/TrustedLocalFilePublication.Namespace.cs:line 454
   at BookOfEternityClient.Core.TrustedLocalFilePublication.Recover(CanonicalWriteLease lease, Action`2 observer) in [checkout]/BookOfEternityClient/Core/TrustedLocalFilePublication.cs:line 322
   at BookOfEternityClient.Core.TrustedLocalFilePublication.PublishWithOutcome(CanonicalWriteLease lease, Func`2 publish) in [checkout]/BookOfEternityClient/Core/TrustedLocalFilePublication.cs:line 180&lt;---

System.AggregateException: One or more errors occurred. (load conflict after generation publication) (A namespace member has unknown kind or bytes; evidence retained.)
 ---&gt; System.InvalidOperationException: load conflict after generation publication
   at BookOfEternityClient.Tests.PortableLoadReplacementTests.&lt;&gt;c__DisplayClass62_0.&lt;ConflictAfterGenerationPublicationDoesNotClaimAnEstablishedGeneration&gt;b__0(TrustedLocalPublicationPhase phase, Int32 _) in [checkout]/BookOfEternityClient.IntegrationTests/PortableLoadReplacementTests.ReviewRegression.cs:line 427
   at BookOfEternityClient.Tests.PortableLoadReplacementTests.&lt;.ctor&gt;b__20_0(TrustedLocalPublicationPhase phase, Int32 index) in [checkout]/BookOfEternityClient.IntegrationTests/PortableLoadReplacementTests.cs:line 45
   at BookOfEternityClient.Core.TrustedLocalFilePublication.Observe(CanonicalWriteLease lease, Action`2 observer, TrustedLocalPublicationPhase phase, Int32 index) in [checkout]/BookOfEternityClient/Core/TrustedLocalFilePublication.cs:line 498
   at BookOfEternityClient.Core.TrustedLocalFilePublication.PublishNamespaceCore(CanonicalWriteLease lease, TrustedLocalGeneration generation, TrustedLocalNamespacePlan plan, Action`2 observer, PublicationAttempt attempt) in [checkout]/BookOfEternityClient/Core/TrustedLocalFilePublication.Namespace.cs:line 125
   at BookOfEternityClient.Core.TrustedLocalFilePublication.&lt;&gt;c__DisplayClass74_0.&lt;PublishNamespaceWithOutcome&gt;b__0(PublicationAttempt attempt) in [checkout]/BookOfEternityClient/Core/TrustedLocalFilePublication.Namespace.cs:line 28
   at BookOfEternityClient.Core.TrustedLocalFilePublication.PublishWithOutcome(CanonicalWriteLease lease, Func`2 publish) in [checkout]/BookOfEternityClient/Core/TrustedLocalFilePublication.cs:line 169
   --- End of inner exception stack trace ---
 ---&gt; (Inner Exception #1) System.IO.InvalidDataException: A namespace member has unknown kind or bytes; evidence retained.
   at BookOfEternityClient.Core.TrustedLocalFilePublication.PreflightNamespace(CanonicalWriteLease lease, NamespaceJournal journal, Boolean exactAfter, Boolean exactBefore) in [checkout]/BookOfEternityClient/Core/TrustedLocalFilePublication.Namespace.cs:line 336
   at BookOfEternityClient.Core.TrustedLocalFilePublication.RecoverNamespace(CanonicalWriteLease lease, NamespaceJournal journal, Action`2 observer) in [checkout]/BookOfEternityClient/Core/TrustedLocalFilePublication.Namespace.cs:line 454
   at BookOfEternityClient.Core.TrustedLocalFilePublication.Recover(CanonicalWriteLease lease, Action`2 observer) in [checkout]/BookOfEternityClient/Core/TrustedLocalFilePublication.cs:line 322
   at BookOfEternityClient.Core.TrustedLocalFilePublication.PublishWithOutcome(CanonicalWriteLease lease, Func`2 publish) in [checkout]/BookOfEternityClient/Core/TrustedLocalFilePublication.cs:line 180&lt;---</StdOut>
      </Output>
    </UnitTestResult>
    <UnitTestResult executionId="fdc722f6-0449-4144-9106-15f2513c360a" testId="b26408cb-19a0-8071-8745-b5799ae49a6e" testName="BookOfEternityClient.Tests.PortableLoadReplacementTests.PriorJournalConflictDuringAcquisitionIsUncertainAndBlocksContinuation" computerName="95e438a3e5cb" duration="00:00:00.0574095" startTime="2026-10-03T18:46:01.2545872-04:00" endTime="2026-10-03T18:46:01.2545874-04:00" testType="13cdc9d9-ddb5-4fa4-a97d-d965ccfc6d4b" outcome="Passed" testListId="8c84fa94-04c1-424b-9868-57a2d4851a1d" relativeResultsDirectory="fdc722f6-0449-4144-9106-15f2513c360a">
      <Output>
        <StdOut>Disposition=Uncertain; preparation=1; lifecycle opens=1; B1 phases=
BookOfEternityClient.Services.CoordinatedStatePublicationUncertainException: Результат сохранения пока не подтверждён. Состояние требует проверки и восстановления перед следующим действием.
 ---&gt; System.IO.InvalidDataException: A publication member contains unknown bytes; evidence retained.
   at BookOfEternityClient.Core.TrustedLocalFilePublication.Preflight(CanonicalWriteLease lease, Journal journal, Boolean requireAfter) in [checkout]/BookOfEternityClient/Core/TrustedLocalFilePublication.cs:line 363
   at BookOfEternityClient.Core.TrustedLocalFilePublication.Recover(CanonicalWriteLease lease, Action`2 observer) in [checkout]/BookOfEternityClient/Core/TrustedLocalFilePublication.cs:line 326
   at BookOfEternityClient.Core.FileSystemManager.RecoverTrustedLocalStorage(CanonicalWriteLease lease) in [checkout]/BookOfEternityClient/Core/FileSystemManager.TrustedLocalStorage.cs:line 62
   at BookOfEternityClient.Core.FileSystemManager.AcquireCanonicalWriteLeaseCoreAsync(CanonicalWritePurpose purpose, CancellationToken cancellationToken) in [checkout]/BookOfEternityClient/Core/FileSystemManager.cs:line 3674
   --- End of inner exception stack trace ---
   at BookOfEternityClient.Core.FileSystemManager.AcquireCanonicalWriteLeaseCoreAsync(CanonicalWritePurpose purpose, CancellationToken cancellationToken) in [checkout]/BookOfEternityClient/Core/FileSystemManager.cs:line 3679
   at BookOfEternityClient.Core.FileSystemManager.AcquireCanonicalWriteLeaseCoreAsync(CanonicalWritePurpose purpose, CancellationToken cancellationToken) in [checkout]/BookOfEternityClient/Core/FileSystemManager.cs:line 3695
   at BookOfEternityClient.Core.FileSystemManager.CompleteCanonicalWriteLeaseAcquisitionAsync(AmbientCanonicalLeaseRegistration registration, CanonicalWritePurpose purpose, CancellationToken cancellationToken) in [checkout]/BookOfEternityClient/Core/FileSystemManager.cs:line 3579
   at BookOfEternityClient.Services.SaveLoadService.LoadGameWithOutcomeAsync(String saveFilePath, CancellationToken cancellationToken) in [checkout]/BookOfEternityClient/Services/SaveLoadService.Loading.cs:line 180
BookOfEternityClient.Services.CoordinatedStatePublicationUncertainException: Результат сохранения пока не подтверждён. Состояние требует проверки и восстановления перед следующим действием.
 ---&gt; System.IO.InvalidDataException: A publication member contains unknown bytes; evidence retained.
   at BookOfEternityClient.Core.TrustedLocalFilePublication.Preflight(CanonicalWriteLease lease, Journal journal, Boolean requireAfter) in [checkout]/BookOfEternityClient/Core/TrustedLocalFilePublication.cs:line 363
   at BookOfEternityClient.Core.TrustedLocalFilePublication.Recover(CanonicalWriteLease lease, Action`2 observer) in [checkout]/BookOfEternityClient/Core/TrustedLocalFilePublication.cs:line 326
   at BookOfEternityClient.Core.FileSystemManager.RecoverTrustedLocalStorage(CanonicalWriteLease lease) in [checkout]/BookOfEternityClient/Core/FileSystemManager.TrustedLocalStorage.cs:line 62
   at BookOfEternityClient.Core.FileSystemManager.AcquireCanonicalWriteLeaseCoreAsync(CanonicalWritePurpose purpose, CancellationToken cancellationToken) in [checkout]/BookOfEternityClient/Core/FileSystemManager.cs:line 3674
   --- End of inner exception stack trace ---
   at BookOfEternityClient.Core.FileSystemManager.AcquireCanonicalWriteLeaseCoreAsync(CanonicalWritePurpose purpose, CancellationToken cancellationToken) in [checkout]/BookOfEternityClient/Core/FileSystemManager.cs:line 3679
   at BookOfEternityClient.Core.FileSystemManager.AcquireCanonicalWriteLeaseCoreAsync(CanonicalWritePurpose purpose, CancellationToken cancellationToken) in [checkout]/BookOfEternityClient/Core/FileSystemManager.cs:line 3695
   at BookOfEternityClient.Core.FileSystemManager.CompleteCanonicalWriteLeaseAcquisitionAsync(AmbientCanonicalLeaseRegistration registration, CanonicalWritePurpose purpose, CancellationToken cancellationToken) in [checkout]/BookOfEternityClient/Core/FileSystemManager.cs:line 3579
   at BookOfEternityClient.Services.SaveLoadService.LoadGameWithOutcomeAsync(String saveFilePath, CancellationToken cancellationToken) in [checkout]/BookOfEternityClient/Services/SaveLoadService.Loading.cs:line 180</StdOut>
      </Output>
    </UnitTestResult>
    <UnitTestResult executionId="fbf8f2a6-fbca-49ca-bbda-085f6ff7b290" testId="97827300-1af5-e5f7-016e-9b680b59e63a" testName="BookOfEternityClient.Tests.PortableLoadReplacementTests.PreparationAndCleanupFailureRetainsKnownPrivateDebt" computerName="95e438a3e5cb" duration="00:00:00.0430300" startTime="2026-10-03T18:46:01.3790850-04:00" endTime="2026-10-03T18:46:01.3790852-04:00" testType="13cdc9d9-ddb5-4fa4-a97d-d965ccfc6d4b" outcome="Passed" testListId="8c84fa94-04c1-424b-9868-57a2d4851a1d" relativeResultsDirectory="fbf8f2a6-fbca-49ca-bbda-085f6ff7b290">
      <Output>
        <StdOut>Disposition=NotLoaded; preparation=0; lifecycle opens=0; B1 phases=
BookOfEternityClient.Services.LoadPreparationCleanupException: Load preparation failed and its private staging directory requires follow-up.
 ---&gt; System.AggregateException: One or more errors occurred. (detached preparation cut) (owned preparation cleanup cut)
 ---&gt; System.IO.InvalidDataException: detached preparation cut
   at BookOfEternityClient.Tests.PortableLoadReplacementTests.&lt;&gt;c__DisplayClass61_0.&lt;PreparationAndCleanupFailureRetainsKnownPrivateDebt&gt;b__0(String path) in [checkout]/BookOfEternityClient.IntegrationTests/PortableLoadReplacementTests.ReviewRegression.cs:line 382
   at BookOfEternityClient.Tests.PortableLoadReplacementTests.&lt;.ctor&gt;b__20_3(String path) in [checkout]/BookOfEternityClient.IntegrationTests/PortableLoadReplacementTests.cs:line 57
   at BookOfEternityClient.Services.SaveLoadService.PrepareLoadArchiveAsync(String saveFilePath, CancellationToken cancellationToken) in [checkout]/BookOfEternityClient/Services/SaveLoadService.Loading.cs:line 360
   --- End of inner exception stack trace ---
 ---&gt; (Inner Exception #1) System.IO.IOException: owned preparation cleanup cut
   at BookOfEternityClient.Tests.PortableLoadReplacementTests.&lt;&gt;c__DisplayClass61_0.&lt;PreparationAndCleanupFailureRetainsKnownPrivateDebt&gt;b__1(String path) in [checkout]/BookOfEternityClient.IntegrationTests/PortableLoadReplacementTests.ReviewRegression.cs:line 388
   at BookOfEternityClient.Tests.PortableLoadReplacementTests.&lt;.ctor&gt;b__20_4(String path) in [checkout]/BookOfEternityClient.IntegrationTests/PortableLoadReplacementTests.cs:line 58
   at BookOfEternityClient.Services.SaveLoadService.PrepareLoadArchiveAsync(String saveFilePath, CancellationToken cancellationToken) in [checkout]/BookOfEternityClient/Services/SaveLoadService.Loading.cs:line 380&lt;---

   --- End of inner exception stack trace ---
   at BookOfEternityClient.Services.SaveLoadService.PrepareLoadArchiveAsync(String saveFilePath, CancellationToken cancellationToken) in [checkout]/BookOfEternityClient/Services/SaveLoadService.Loading.cs:line 385
   at BookOfEternityClient.Services.SaveLoadService.LoadGameWithOutcomeAsync(String saveFilePath, CancellationToken cancellationToken) in [checkout]/BookOfEternityClient/Services/SaveLoadService.Loading.cs:line 172
BookOfEternityClient.Services.LoadPreparationCleanupException: Load preparation failed and its private staging directory requires follow-up.
 ---&gt; System.AggregateException: One or more errors occurred. (detached preparation cut) (owned preparation cleanup cut)
 ---&gt; System.IO.InvalidDataException: detached preparation cut
   at BookOfEternityClient.Tests.PortableLoadReplacementTests.&lt;&gt;c__DisplayClass61_0.&lt;PreparationAndCleanupFailureRetainsKnownPrivateDebt&gt;b__0(String path) in [checkout]/BookOfEternityClient.IntegrationTests/PortableLoadReplacementTests.ReviewRegression.cs:line 382
   at BookOfEternityClient.Tests.PortableLoadReplacementTests.&lt;.ctor&gt;b__20_3(String path) in [checkout]/BookOfEternityClient.IntegrationTests/PortableLoadReplacementTests.cs:line 57
   at BookOfEternityClient.Services.SaveLoadService.PrepareLoadArchiveAsync(String saveFilePath, CancellationToken cancellationToken) in [checkout]/BookOfEternityClient/Services/SaveLoadService.Loading.cs:line 360
   --- End of inner exception stack trace ---
 ---&gt; (Inner Exception #1) System.IO.IOException: owned preparation cleanup cut
   at BookOfEternityClient.Tests.PortableLoadReplacementTests.&lt;&gt;c__DisplayClass61_0.&lt;PreparationAndCleanupFailureRetainsKnownPrivateDebt&gt;b__1(String path) in [checkout]/BookOfEternityClient.IntegrationTests/PortableLoadReplacementTests.ReviewRegression.cs:line 388
   at BookOfEternityClient.Tests.PortableLoadReplacementTests.&lt;.ctor&gt;b__20_4(String path) in [checkout]/BookOfEternityClient.IntegrationTests/PortableLoadReplacementTests.cs:line 58
   at BookOfEternityClient.Services.SaveLoadService.PrepareLoadArchiveAsync(String saveFilePath, CancellationToken cancellationToken) in [checkout]/BookOfEternityClient/Services/SaveLoadService.Loading.cs:line 380&lt;---

   --- End of inner exception stack trace ---
   at BookOfEternityClient.Services.SaveLoadService.PrepareLoadArchiveAsync(String saveFilePath, CancellationToken cancellationToken) in [checkout]/BookOfEternityClient/Services/SaveLoadService.Loading.cs:line 385
   at BookOfEternityClient.Services.SaveLoadService.LoadGameWithOutcomeAsync(String saveFilePath, CancellationToken cancellationToken) in [checkout]/BookOfEternityClient/Services/SaveLoadService.Loading.cs:line 172</StdOut>
      </Output>
    </UnitTestResult>
  </Results>
  <TestDefinitions>
    <UnitTest name="BookOfEternityClient.Tests.PortableLoadReplacementTests.PriorJournalConflictDuringAcquisitionIsUncertainAndBlocksContinuation" storage="[checkout]/bookofeternityclient.integrationtests/bin/debug/net8.0/bookofeternityclient.integrationtests.dll" id="b26408cb-19a0-8071-8745-b5799ae49a6e">
      <Execution id="fdc722f6-0449-4144-9106-15f2513c360a" />
      <TestMethod codeBase="[checkout]/BookOfEternityClient.IntegrationTests/bin/Debug/net8.0/BookOfEternityClient.IntegrationTests.dll" adapterTypeName="executor://xunit/VsTestRunner2/netcoreapp" className="BookOfEternityClient.Tests.PortableLoadReplacementTests" name="PriorJournalConflictDuringAcquisitionIsUncertainAndBlocksContinuation" />
    </UnitTest>
    <UnitTest name="BookOfEternityClient.Tests.PortableLoadReplacementTests.ConflictAfterGenerationPublicationDoesNotClaimAnEstablishedGeneration" storage="[checkout]/bookofeternityclient.integrationtests/bin/debug/net8.0/bookofeternityclient.integrationtests.dll" id="17e5098b-ca6b-8624-0026-988755a9771a">
      <Execution id="1262415e-f6f7-4afc-9a22-e3a65aa76916" />
      <TestMethod codeBase="[checkout]/BookOfEternityClient.IntegrationTests/bin/Debug/net8.0/BookOfEternityClient.IntegrationTests.dll" adapterTypeName="executor://xunit/VsTestRunner2/netcoreapp" className="BookOfEternityClient.Tests.PortableLoadReplacementTests" name="ConflictAfterGenerationPublicationDoesNotClaimAnEstablishedGeneration" />
    </UnitTest>
    <UnitTest name="BookOfEternityClient.Tests.PortableLoadReplacementTests.ConfirmedCommitRetainsIdentityWhenRequiredRefreshFails" storage="[checkout]/bookofeternityclient.integrationtests/bin/debug/net8.0/bookofeternityclient.integrationtests.dll" id="cab82e1c-286d-0d52-beec-d5b6c681ab0a">
      <Execution id="0e56294f-97c1-433b-94b4-c95ac167beb1" />
      <TestMethod codeBase="[checkout]/BookOfEternityClient.IntegrationTests/bin/Debug/net8.0/BookOfEternityClient.IntegrationTests.dll" adapterTypeName="executor://xunit/VsTestRunner2/netcoreapp" className="BookOfEternityClient.Tests.PortableLoadReplacementTests" name="ConfirmedCommitRetainsIdentityWhenRequiredRefreshFails" />
    </UnitTest>
    <UnitTest name="BookOfEternityClient.Tests.PortableLoadReplacementTests.PreparationAndCleanupFailureRetainsKnownPrivateDebt" storage="[checkout]/bookofeternityclient.integrationtests/bin/debug/net8.0/bookofeternityclient.integrationtests.dll" id="97827300-1af5-e5f7-016e-9b680b59e63a">
      <Execution id="fbf8f2a6-fbca-49ca-bbda-085f6ff7b290" />
      <TestMethod codeBase="[checkout]/BookOfEternityClient.IntegrationTests/bin/Debug/net8.0/BookOfEternityClient.IntegrationTests.dll" adapterTypeName="executor://xunit/VsTestRunner2/netcoreapp" className="BookOfEternityClient.Tests.PortableLoadReplacementTests" name="PreparationAndCleanupFailureRetainsKnownPrivateDebt" />
    </UnitTest>
  </TestDefinitions>
  <TestEntries>
    <TestEntry testId="cab82e1c-286d-0d52-beec-d5b6c681ab0a" executionId="0e56294f-97c1-433b-94b4-c95ac167beb1" testListId="8c84fa94-04c1-424b-9868-57a2d4851a1d" />
    <TestEntry testId="17e5098b-ca6b-8624-0026-988755a9771a" executionId="1262415e-f6f7-4afc-9a22-e3a65aa76916" testListId="8c84fa94-04c1-424b-9868-57a2d4851a1d" />
    <TestEntry testId="b26408cb-19a0-8071-8745-b5799ae49a6e" executionId="fdc722f6-0449-4144-9106-15f2513c360a" testListId="8c84fa94-04c1-424b-9868-57a2d4851a1d" />
    <TestEntry testId="97827300-1af5-e5f7-016e-9b680b59e63a" executionId="fbf8f2a6-fbca-49ca-bbda-085f6ff7b290" testListId="8c84fa94-04c1-424b-9868-57a2d4851a1d" />
  </TestEntries>
  <TestLists>
    <TestList name="Results Not in a List" id="8c84fa94-04c1-424b-9868-57a2d4851a1d" />
    <TestList name="All Loaded Results" id="19431567-8539-422a-85d7-44ee4e166bda" />
  </TestLists>
  <ResultSummary outcome="Completed">
    <Counters total="4" executed="4" passed="4" failed="0" error="0" timeout="0" aborted="0" inconclusive="0" passedButRunAborted="0" notRunnable="0" notExecuted="0" disconnected="0" warning="0" completed="0" inProgress="0" pending="0" />
    <Output>
      <StdOut>[xUnit.net 00:00:00.00] xUnit.net VSTest Adapter v2.8.2+699d445a1a (64-bit .NET 8.0.31)
[xUnit.net 00:00:00.28]   Discovering: BookOfEternityClient.IntegrationTests
[xUnit.net 00:00:01.30]   Discovered:  BookOfEternityClient.IntegrationTests
[xUnit.net 00:00:01.32]   Starting:    BookOfEternityClient.IntegrationTests
[xUnit.net 00:00:01.96]   Finished:    BookOfEternityClient.IntegrationTests
</StdOut>
    </Output>
  </ResultSummary>
</TestRun>