<?xml version="1.0" encoding="utf-8"?>
<TestRun id="5590ee9b-c3bf-4189-987b-e8d4c516d743" name="@c7669543e9c7 2026-10-06 16:06:57" xmlns="http://microsoft.com/schemas/VisualStudio/TeamTest/2010">
  <Times creation="2026-10-06T16:06:57.9637165+00:00" queuing="2026-10-06T16:06:57.9637165+00:00" start="2026-10-06T16:06:51.7171580+00:00" finish="2026-10-06T16:07:04.0562256+00:00" />
  <TestSettings name="default" id="ae62964c-562e-47bd-a84d-f1c3bc9845de">
    <Deployment runDeploymentRoot="_c7669543e9c7_2026-10-06_16_06_57" />
  </TestSettings>
  <Results>
    <UnitTestResult executionId="4df73562-61ea-4722-9ff8-9912c4fe3e7a" testId="81943cbd-3ba7-148b-4958-3d698fa66547" testName="BookOfEternityClient.Tests.GmMainOperationLinuxTests.OriginalClient_FinalizationBoundary(mode: &quot;terminal-main-operation-cancel-closing&quot;)" computerName="c7669543e9c7" duration="00:00:02.8259729" startTime="2026-10-06T16:06:57.9257622+00:00" endTime="2026-10-06T16:06:57.9258002+00:00" testType="13cdc9d9-ddb5-4fa4-a97d-d965ccfc6d4b" outcome="Passed" testListId="8c84fa94-04c1-424b-9868-57a2d4851a1d" relativeResultsDirectory="4df73562-61ea-4722-9ff8-9912c4fe3e7a" />
    <UnitTestResult executionId="00c4edda-6540-426c-8688-627b14a92b58" testId="b6ea0d48-6ded-8a02-4490-56f59b747708" testName="BookOfEternityClient.Tests.GmMainOperationLinuxTests.OriginalClient_FinalizationBoundary(mode: &quot;terminal-main-operation-retain-race&quot;)" computerName="c7669543e9c7" duration="00:00:02.7428053" startTime="2026-10-06T16:07:03.5603537+00:00" endTime="2026-10-06T16:07:03.5603539+00:00" testType="13cdc9d9-ddb5-4fa4-a97d-d965ccfc6d4b" outcome="Passed" testListId="8c84fa94-04c1-424b-9868-57a2d4851a1d" relativeResultsDirectory="00c4edda-6540-426c-8688-627b14a92b58" />
    <UnitTestResult executionId="d346c62d-d53c-4360-9a76-13cfa677d748" testId="92000d3e-ea8d-c29a-500f-2bc6efd846d5" testName="BookOfEternityClient.Tests.GmMainOperationLinuxTests.OriginalClient_FinalizationBoundary(mode: &quot;terminal-main-operation-failed-clean-closing&quot;)" computerName="c7669543e9c7" duration="00:00:02.8871623" startTime="2026-10-06T16:07:00.8134672+00:00" endTime="2026-10-06T16:07:00.8134677+00:00" testType="13cdc9d9-ddb5-4fa4-a97d-d965ccfc6d4b" outcome="Passed" testListId="8c84fa94-04c1-424b-9868-57a2d4851a1d" relativeResultsDirectory="d346c62d-d53c-4360-9a76-13cfa677d748" />
  </Results>
  <TestDefinitions>
    <UnitTest name="BookOfEternityClient.Tests.GmMainOperationLinuxTests.OriginalClient_FinalizationBoundary(mode: &quot;terminal-main-operation-cancel-closing&quot;)" storage="/workspace/native-1553/bookofeternityclient.tests/bin/debug/net8.0/bookofeternityclient.tests.dll" id="81943cbd-3ba7-148b-4958-3d698fa66547">
      <Execution id="4df73562-61ea-4722-9ff8-9912c4fe3e7a" />
      <TestMethod codeBase="/workspace/native-1553/BookOfEternityClient.Tests/bin/Debug/net8.0/BookOfEternityClient.Tests.dll" adapterTypeName="executor://xunit/VsTestRunner2/netcoreapp" className="BookOfEternityClient.Tests.GmMainOperationLinuxTests" name="OriginalClient_FinalizationBoundary" />
    </UnitTest>
    <UnitTest name="BookOfEternityClient.Tests.GmMainOperationLinuxTests.OriginalClient_FinalizationBoundary(mode: &quot;terminal-main-operation-failed-clean-closing&quot;)" storage="/workspace/native-1553/bookofeternityclient.tests/bin/debug/net8.0/bookofeternityclient.tests.dll" id="92000d3e-ea8d-c29a-500f-2bc6efd846d5">
      <Execution id="d346c62d-d53c-4360-9a76-13cfa677d748" />
      <TestMethod codeBase="/workspace/native-1553/BookOfEternityClient.Tests/bin/Debug/net8.0/BookOfEternityClient.Tests.dll" adapterTypeName="executor://xunit/VsTestRunner2/netcoreapp" className="BookOfEternityClient.Tests.GmMainOperationLinuxTests" name="OriginalClient_FinalizationBoundary" />
    </UnitTest>
    <UnitTest name="BookOfEternityClient.Tests.GmMainOperationLinuxTests.OriginalClient_FinalizationBoundary(mode: &quot;terminal-main-operation-retain-race&quot;)" storage="/workspace/native-1553/bookofeternityclient.tests/bin/debug/net8.0/bookofeternityclient.tests.dll" id="b6ea0d48-6ded-8a02-4490-56f59b747708">
      <Execution id="00c4edda-6540-426c-8688-627b14a92b58" />
      <TestMethod codeBase="/workspace/native-1553/BookOfEternityClient.Tests/bin/Debug/net8.0/BookOfEternityClient.Tests.dll" adapterTypeName="executor://xunit/VsTestRunner2/netcoreapp" className="BookOfEternityClient.Tests.GmMainOperationLinuxTests" name="OriginalClient_FinalizationBoundary" />
    </UnitTest>
  </TestDefinitions>
  <TestEntries>
    <TestEntry testId="81943cbd-3ba7-148b-4958-3d698fa66547" executionId="4df73562-61ea-4722-9ff8-9912c4fe3e7a" testListId="8c84fa94-04c1-424b-9868-57a2d4851a1d" />
    <TestEntry testId="b6ea0d48-6ded-8a02-4490-56f59b747708" executionId="00c4edda-6540-426c-8688-627b14a92b58" testListId="8c84fa94-04c1-424b-9868-57a2d4851a1d" />
    <TestEntry testId="92000d3e-ea8d-c29a-500f-2bc6efd846d5" executionId="d346c62d-d53c-4360-9a76-13cfa677d748" testListId="8c84fa94-04c1-424b-9868-57a2d4851a1d" />
  </TestEntries>
  <TestLists>
    <TestList name="Results Not in a List" id="8c84fa94-04c1-424b-9868-57a2d4851a1d" />
    <TestList name="All Loaded Results" id="19431567-8539-422a-85d7-44ee4e166bda" />
  </TestLists>
  <ResultSummary outcome="Completed">
    <Counters total="3" executed="3" passed="3" failed="0" error="0" timeout="0" aborted="0" inconclusive="0" passedButRunAborted="0" notRunnable="0" notExecuted="0" disconnected="0" warning="0" completed="0" inProgress="0" pending="0" />
    <Output>
      <StdOut>[xUnit.net 00:00:00.00] xUnit.net VSTest Adapter v2.8.2+699d445a1a (64-bit .NET 8.0.31)
[xUnit.net 00:00:00.33]   Discovering: BookOfEternityClient.Tests
[xUnit.net 00:00:02.64]   Discovered:  BookOfEternityClient.Tests
[xUnit.net 00:00:02.69]   Starting:    BookOfEternityClient.Tests
[xUnit.net 00:00:11.62]   Finished:    BookOfEternityClient.Tests
</StdOut>
    </Output>
  </ResultSummary>
</TestRun>