  Determining projects to restore...
  Restored /workspace/boe-1536-binding-cloud/BookOfEternityClient/BookOfEternityClient.csproj (in 6.05 sec).
  Restored /workspace/boe-1536-binding-cloud/BookOfEternityClient.TestSupport/BookOfEternityClient.TestSupport.csproj (in 6.05 sec).
  Restored /workspace/boe-1536-binding-cloud/BookOfEternityClient.IntegrationTests/BookOfEternityClient.IntegrationTests.csproj (in 7.18 sec).
/workspace/boe-1536-binding-cloud/BookOfEternityClient/WebUi/BrowserLocalWriteCoordinator.cs(380,93): warning CS8602: Dereference of a possibly null reference. [/workspace/boe-1536-binding-cloud/BookOfEternityClient/BookOfEternityClient.csproj]
/workspace/boe-1536-binding-cloud/BookOfEternityClient/Services/GmRuntime/GmLoadSessionOperation.cs(101,17): warning CS8602: Dereference of a possibly null reference. [/workspace/boe-1536-binding-cloud/BookOfEternityClient/BookOfEternityClient.csproj]
/workspace/boe-1536-binding-cloud/BookOfEternityClient/Core/SessionOperationContext.cs(93,212): warning CS1573: Parameter 'capturedOutcome' has no matching param tag in the XML comment for 'SessionOperationContext.RunBoundCoreAsync<T>(FileSystemManager, string, Func<Task<T>>, FileSystemManager.CanonicalWriteLease?, Func<MainOperationOutcome>?)' (but other parameters do) [/workspace/boe-1536-binding-cloud/BookOfEternityClient/BookOfEternityClient.csproj]
/workspace/boe-1536-binding-cloud/BookOfEternityClient/Core/GameEngine/GameEngine.IncarnationAndAfterlife.cs(1095,5): warning CS1587: XML comment is not placed on a valid language element [/workspace/boe-1536-binding-cloud/BookOfEternityClient/BookOfEternityClient.csproj]
/workspace/boe-1536-binding-cloud/BookOfEternityClient/UI/ExplorerMode/ExplorerMode.Npcs.ListAndDetails.cs(1637,5): warning CS1587: XML comment is not placed on a valid language element [/workspace/boe-1536-binding-cloud/BookOfEternityClient/BookOfEternityClient.csproj]
/workspace/boe-1536-binding-cloud/BookOfEternityClient/UI/ExplorerMode/ExplorerMode.Npcs.Trade.cs(756,5): warning CS1587: XML comment is not placed on a valid language element [/workspace/boe-1536-binding-cloud/BookOfEternityClient/BookOfEternityClient.csproj]
/workspace/boe-1536-binding-cloud/BookOfEternityClient/Services/GmWorkers/NativeLineageOwner.cs(66,13): warning CA1416: This call site is reachable on all platforms. 'Directory.CreateDirectory(string, UnixFileMode)' is unsupported on: 'windows'. (https://learn.microsoft.com/dotnet/fundamentals/code-analysis/quality-rules/ca1416) [/workspace/boe-1536-binding-cloud/BookOfEternityClient/BookOfEternityClient.csproj]
  BookOfEternityClient -> /workspace/boe-1536-binding-cloud/BookOfEternityClient/bin/Debug/net8.0/BookOfEternityClient.dll
/workspace/boe-1536-binding-cloud/BookOfEternityClient.TestSupport/OwnedTerminalScenarioDriver.ConsoleRuntime.cs(75,12): warning CS8602: Dereference of a possibly null reference. [/workspace/boe-1536-binding-cloud/BookOfEternityClient.TestSupport/BookOfEternityClient.TestSupport.csproj]
/workspace/boe-1536-binding-cloud/BookOfEternityClient.TestSupport/OwnedTerminalScenarioDriver.cs(222,58): warning CS8604: Possible null reference argument for parameter 'host' in 'Task OwnedTerminalScenarioDriver.RunProductionLoadAsync(string mode, string folder, object host, Type hostType, Func<object, Task<JsonElement>> rpc, IOwnedTerminalSession original, Dictionary<string, object?> evidence)'. [/workspace/boe-1536-binding-cloud/BookOfEternityClient.TestSupport/BookOfEternityClient.TestSupport.csproj]
/workspace/boe-1536-binding-cloud/BookOfEternityClient.TestSupport/OwnedTerminalScenarioDriver.cs(262,66): warning CS8602: Dereference of a possibly null reference. [/workspace/boe-1536-binding-cloud/BookOfEternityClient.TestSupport/BookOfEternityClient.TestSupport.csproj]
/workspace/boe-1536-binding-cloud/BookOfEternityClient.TestSupport/NativeBootstrapScenario.cs(19,9): warning CA1416: This call site is reachable on all platforms. 'Directory.CreateDirectory(string, UnixFileMode)' is unsupported on: 'windows'. (https://learn.microsoft.com/dotnet/fundamentals/code-analysis/quality-rules/ca1416) [/workspace/boe-1536-binding-cloud/BookOfEternityClient.TestSupport/BookOfEternityClient.TestSupport.csproj]
/workspace/boe-1536-binding-cloud/BookOfEternityClient.TestSupport/OwnedTerminalScenarioDriver.cs(145,47): warning CA1416: This call site is reachable on all platforms. 'File.SetUnixFileMode(string, UnixFileMode)' is unsupported on: 'windows'. (https://learn.microsoft.com/dotnet/fundamentals/code-analysis/quality-rules/ca1416) [/workspace/boe-1536-binding-cloud/BookOfEternityClient.TestSupport/BookOfEternityClient.TestSupport.csproj]
  BookOfEternityClient.TestSupport -> /workspace/boe-1536-binding-cloud/BookOfEternityClient.TestSupport/bin/Debug/net8.0/BookOfEternityClient.TestSupport.dll
/workspace/boe-1536-binding-cloud/BookOfEternityClient.IntegrationTests/GameEngineTurnLifecycleTests.PortableSave.cs(198,54): warning CS8602: Dereference of a possibly null reference. [/workspace/boe-1536-binding-cloud/BookOfEternityClient.IntegrationTests/BookOfEternityClient.IntegrationTests.csproj]
/workspace/boe-1536-binding-cloud/BookOfEternityClient.IntegrationTests/PortableLoadReplacementTests.cs(84,9): warning xUnit2031: Do not use a Where clause to filter before calling Assert.Single. Use the overload of Assert.Single that accepts a filtering function. (https://xunit.net/xunit.analyzers/rules/xUnit2031) [/workspace/boe-1536-binding-cloud/BookOfEternityClient.IntegrationTests/BookOfEternityClient.IntegrationTests.csproj]
/workspace/boe-1536-binding-cloud/BookOfEternityClient.IntegrationTests/PortableLoadReplacementTests.cs(208,9): warning xUnit2031: Do not use a Where clause to filter before calling Assert.Single. Use the overload of Assert.Single that accepts a filtering function. (https://xunit.net/xunit.analyzers/rules/xUnit2031) [/workspace/boe-1536-binding-cloud/BookOfEternityClient.IntegrationTests/BookOfEternityClient.IntegrationTests.csproj]
/workspace/boe-1536-binding-cloud/BookOfEternityClient.IntegrationTests/PortableLoadReplacementTests.NativeBoundaries.cs(340,60): warning xUnit2009: Do not use Assert.True() to check for substrings. Use Assert.StartsWith instead. (https://xunit.net/xunit.analyzers/rules/xUnit2009) [/workspace/boe-1536-binding-cloud/BookOfEternityClient.IntegrationTests/BookOfEternityClient.IntegrationTests.csproj]
/workspace/boe-1536-binding-cloud/BookOfEternityClient.IntegrationTests/PortableLoadReplacementTests.PublicEntry.cs(29,9): warning xUnit2031: Do not use a Where clause to filter before calling Assert.Single. Use the overload of Assert.Single that accepts a filtering function. (https://xunit.net/xunit.analyzers/rules/xUnit2031) [/workspace/boe-1536-binding-cloud/BookOfEternityClient.IntegrationTests/BookOfEternityClient.IntegrationTests.csproj]
/workspace/boe-1536-binding-cloud/BookOfEternityClient.IntegrationTests/PortableLoadReplacementTests.ReviewRegression.cs(57,9): warning xUnit2031: Do not use a Where clause to filter before calling Assert.Single. Use the overload of Assert.Single that accepts a filtering function. (https://xunit.net/xunit.analyzers/rules/xUnit2031) [/workspace/boe-1536-binding-cloud/BookOfEternityClient.IntegrationTests/BookOfEternityClient.IntegrationTests.csproj]
/workspace/boe-1536-binding-cloud/BookOfEternityClient.IntegrationTests/PortableLoadReplacementTests.ReviewRegression.cs(464,9): warning xUnit2031: Do not use a Where clause to filter before calling Assert.Single. Use the overload of Assert.Single that accepts a filtering function. (https://xunit.net/xunit.analyzers/rules/xUnit2031) [/workspace/boe-1536-binding-cloud/BookOfEternityClient.IntegrationTests/BookOfEternityClient.IntegrationTests.csproj]
/workspace/boe-1536-binding-cloud/BookOfEternityClient.IntegrationTests/PortableLoadReplacementTests.Topology.cs(64,9): warning xUnit2031: Do not use a Where clause to filter before calling Assert.Single. Use the overload of Assert.Single that accepts a filtering function. (https://xunit.net/xunit.analyzers/rules/xUnit2031) [/workspace/boe-1536-binding-cloud/BookOfEternityClient.IntegrationTests/BookOfEternityClient.IntegrationTests.csproj]
/workspace/boe-1536-binding-cloud/BookOfEternityClient.IntegrationTests/DarenStandaloneLinuxTests.Consumers.cs(24,27): warning xUnit2031: Do not use a Where clause to filter before calling Assert.Single. Use the overload of Assert.Single that accepts a filtering function. (https://xunit.net/xunit.analyzers/rules/xUnit2031) [/workspace/boe-1536-binding-cloud/BookOfEternityClient.IntegrationTests/BookOfEternityClient.IntegrationTests.csproj]
/workspace/boe-1536-binding-cloud/BookOfEternityClient.IntegrationTests/DarenStandaloneLinuxBoundaryTests.ConsoleAndCancel.cs(27,31): warning xUnit2031: Do not use a Where clause to filter before calling Assert.Single. Use the overload of Assert.Single that accepts a filtering function. (https://xunit.net/xunit.analyzers/rules/xUnit2031) [/workspace/boe-1536-binding-cloud/BookOfEternityClient.IntegrationTests/BookOfEternityClient.IntegrationTests.csproj]
  BookOfEternityClient.IntegrationTests -> /workspace/boe-1536-binding-cloud/BookOfEternityClient.IntegrationTests/bin/Debug/net8.0/BookOfEternityClient.IntegrationTests.dll

Build succeeded.

/workspace/boe-1536-binding-cloud/BookOfEternityClient/WebUi/BrowserLocalWriteCoordinator.cs(380,93): warning CS8602: Dereference of a possibly null reference. [/workspace/boe-1536-binding-cloud/BookOfEternityClient/BookOfEternityClient.csproj]
/workspace/boe-1536-binding-cloud/BookOfEternityClient/Services/GmRuntime/GmLoadSessionOperation.cs(101,17): warning CS8602: Dereference of a possibly null reference. [/workspace/boe-1536-binding-cloud/BookOfEternityClient/BookOfEternityClient.csproj]
/workspace/boe-1536-binding-cloud/BookOfEternityClient/Core/SessionOperationContext.cs(93,212): warning CS1573: Parameter 'capturedOutcome' has no matching param tag in the XML comment for 'SessionOperationContext.RunBoundCoreAsync<T>(FileSystemManager, string, Func<Task<T>>, FileSystemManager.CanonicalWriteLease?, Func<MainOperationOutcome>?)' (but other parameters do) [/workspace/boe-1536-binding-cloud/BookOfEternityClient/BookOfEternityClient.csproj]
/workspace/boe-1536-binding-cloud/BookOfEternityClient/Core/GameEngine/GameEngine.IncarnationAndAfterlife.cs(1095,5): warning CS1587: XML comment is not placed on a valid language element [/workspace/boe-1536-binding-cloud/BookOfEternityClient/BookOfEternityClient.csproj]
/workspace/boe-1536-binding-cloud/BookOfEternityClient/UI/ExplorerMode/ExplorerMode.Npcs.ListAndDetails.cs(1637,5): warning CS1587: XML comment is not placed on a valid language element [/workspace/boe-1536-binding-cloud/BookOfEternityClient/BookOfEternityClient.csproj]
/workspace/boe-1536-binding-cloud/BookOfEternityClient/UI/ExplorerMode/ExplorerMode.Npcs.Trade.cs(756,5): warning CS1587: XML comment is not placed on a valid language element [/workspace/boe-1536-binding-cloud/BookOfEternityClient/BookOfEternityClient.csproj]
/workspace/boe-1536-binding-cloud/BookOfEternityClient/Services/GmWorkers/NativeLineageOwner.cs(66,13): warning CA1416: This call site is reachable on all platforms. 'Directory.CreateDirectory(string, UnixFileMode)' is unsupported on: 'windows'. (https://learn.microsoft.com/dotnet/fundamentals/code-analysis/quality-rules/ca1416) [/workspace/boe-1536-binding-cloud/BookOfEternityClient/BookOfEternityClient.csproj]
/workspace/boe-1536-binding-cloud/BookOfEternityClient.TestSupport/OwnedTerminalScenarioDriver.ConsoleRuntime.cs(75,12): warning CS8602: Dereference of a possibly null reference. [/workspace/boe-1536-binding-cloud/BookOfEternityClient.TestSupport/BookOfEternityClient.TestSupport.csproj]
/workspace/boe-1536-binding-cloud/BookOfEternityClient.TestSupport/OwnedTerminalScenarioDriver.cs(222,58): warning CS8604: Possible null reference argument for parameter 'host' in 'Task OwnedTerminalScenarioDriver.RunProductionLoadAsync(string mode, string folder, object host, Type hostType, Func<object, Task<JsonElement>> rpc, IOwnedTerminalSession original, Dictionary<string, object?> evidence)'. [/workspace/boe-1536-binding-cloud/BookOfEternityClient.TestSupport/BookOfEternityClient.TestSupport.csproj]
/workspace/boe-1536-binding-cloud/BookOfEternityClient.TestSupport/OwnedTerminalScenarioDriver.cs(262,66): warning CS8602: Dereference of a possibly null reference. [/workspace/boe-1536-binding-cloud/BookOfEternityClient.TestSupport/BookOfEternityClient.TestSupport.csproj]
/workspace/boe-1536-binding-cloud/BookOfEternityClient.TestSupport/NativeBootstrapScenario.cs(19,9): warning CA1416: This call site is reachable on all platforms. 'Directory.CreateDirectory(string, UnixFileMode)' is unsupported on: 'windows'. (https://learn.microsoft.com/dotnet/fundamentals/code-analysis/quality-rules/ca1416) [/workspace/boe-1536-binding-cloud/BookOfEternityClient.TestSupport/BookOfEternityClient.TestSupport.csproj]
/workspace/boe-1536-binding-cloud/BookOfEternityClient.TestSupport/OwnedTerminalScenarioDriver.cs(145,47): warning CA1416: This call site is reachable on all platforms. 'File.SetUnixFileMode(string, UnixFileMode)' is unsupported on: 'windows'. (https://learn.microsoft.com/dotnet/fundamentals/code-analysis/quality-rules/ca1416) [/workspace/boe-1536-binding-cloud/BookOfEternityClient.TestSupport/BookOfEternityClient.TestSupport.csproj]
/workspace/boe-1536-binding-cloud/BookOfEternityClient.IntegrationTests/GameEngineTurnLifecycleTests.PortableSave.cs(198,54): warning CS8602: Dereference of a possibly null reference. [/workspace/boe-1536-binding-cloud/BookOfEternityClient.IntegrationTests/BookOfEternityClient.IntegrationTests.csproj]
/workspace/boe-1536-binding-cloud/BookOfEternityClient.IntegrationTests/PortableLoadReplacementTests.cs(84,9): warning xUnit2031: Do not use a Where clause to filter before calling Assert.Single. Use the overload of Assert.Single that accepts a filtering function. (https://xunit.net/xunit.analyzers/rules/xUnit2031) [/workspace/boe-1536-binding-cloud/BookOfEternityClient.IntegrationTests/BookOfEternityClient.IntegrationTests.csproj]
/workspace/boe-1536-binding-cloud/BookOfEternityClient.IntegrationTests/PortableLoadReplacementTests.cs(208,9): warning xUnit2031: Do not use a Where clause to filter before calling Assert.Single. Use the overload of Assert.Single that accepts a filtering function. (https://xunit.net/xunit.analyzers/rules/xUnit2031) [/workspace/boe-1536-binding-cloud/BookOfEternityClient.IntegrationTests/BookOfEternityClient.IntegrationTests.csproj]
/workspace/boe-1536-binding-cloud/BookOfEternityClient.IntegrationTests/PortableLoadReplacementTests.NativeBoundaries.cs(340,60): warning xUnit2009: Do not use Assert.True() to check for substrings. Use Assert.StartsWith instead. (https://xunit.net/xunit.analyzers/rules/xUnit2009) [/workspace/boe-1536-binding-cloud/BookOfEternityClient.IntegrationTests/BookOfEternityClient.IntegrationTests.csproj]
/workspace/boe-1536-binding-cloud/BookOfEternityClient.IntegrationTests/PortableLoadReplacementTests.PublicEntry.cs(29,9): warning xUnit2031: Do not use a Where clause to filter before calling Assert.Single. Use the overload of Assert.Single that accepts a filtering function. (https://xunit.net/xunit.analyzers/rules/xUnit2031) [/workspace/boe-1536-binding-cloud/BookOfEternityClient.IntegrationTests/BookOfEternityClient.IntegrationTests.csproj]
/workspace/boe-1536-binding-cloud/BookOfEternityClient.IntegrationTests/PortableLoadReplacementTests.ReviewRegression.cs(57,9): warning xUnit2031: Do not use a Where clause to filter before calling Assert.Single. Use the overload of Assert.Single that accepts a filtering function. (https://xunit.net/xunit.analyzers/rules/xUnit2031) [/workspace/boe-1536-binding-cloud/BookOfEternityClient.IntegrationTests/BookOfEternityClient.IntegrationTests.csproj]
/workspace/boe-1536-binding-cloud/BookOfEternityClient.IntegrationTests/PortableLoadReplacementTests.ReviewRegression.cs(464,9): warning xUnit2031: Do not use a Where clause to filter before calling Assert.Single. Use the overload of Assert.Single that accepts a filtering function. (https://xunit.net/xunit.analyzers/rules/xUnit2031) [/workspace/boe-1536-binding-cloud/BookOfEternityClient.IntegrationTests/BookOfEternityClient.IntegrationTests.csproj]
/workspace/boe-1536-binding-cloud/BookOfEternityClient.IntegrationTests/PortableLoadReplacementTests.Topology.cs(64,9): warning xUnit2031: Do not use a Where clause to filter before calling Assert.Single. Use the overload of Assert.Single that accepts a filtering function. (https://xunit.net/xunit.analyzers/rules/xUnit2031) [/workspace/boe-1536-binding-cloud/BookOfEternityClient.IntegrationTests/BookOfEternityClient.IntegrationTests.csproj]
/workspace/boe-1536-binding-cloud/BookOfEternityClient.IntegrationTests/DarenStandaloneLinuxTests.Consumers.cs(24,27): warning xUnit2031: Do not use a Where clause to filter before calling Assert.Single. Use the overload of Assert.Single that accepts a filtering function. (https://xunit.net/xunit.analyzers/rules/xUnit2031) [/workspace/boe-1536-binding-cloud/BookOfEternityClient.IntegrationTests/BookOfEternityClient.IntegrationTests.csproj]
/workspace/boe-1536-binding-cloud/BookOfEternityClient.IntegrationTests/DarenStandaloneLinuxBoundaryTests.ConsoleAndCancel.cs(27,31): warning xUnit2031: Do not use a Where clause to filter before calling Assert.Single. Use the overload of Assert.Single that accepts a filtering function. (https://xunit.net/xunit.analyzers/rules/xUnit2031) [/workspace/boe-1536-binding-cloud/BookOfEternityClient.IntegrationTests/BookOfEternityClient.IntegrationTests.csproj]
    22 Warning(s)
    0 Error(s)

Time Elapsed 00:01:35.45

Welcome to .NET 10.0!
---------------------
SDK Version: 10.0.401

----------------
Installed an ASP.NET Core HTTPS development certificate.
To trust the certificate, run 'dotnet dev-certs https --trust'
Learn about HTTPS: https://aka.ms/dotnet-https

----------------
Write your first app: https://aka.ms/dotnet-hello-world
Find out what's new: https://aka.ms/dotnet-whats-new
Explore documentation: https://aka.ms/dotnet-docs
Report issues and find source on GitHub: https://github.com/dotnet/core
Use 'dotnet --help' to see available commands or visit: https://aka.ms/dotnet-cli
--------------------------------------------------------------------------------------

