  Determining projects to restore...
  All projects are up-to-date for restore.
[checkout]/BookOfEternityClient/Core/GameEngine/GameEngine.IncarnationAndAfterlife.cs(1095,5): warning CS1587: XML comment is not placed on a valid language element [[checkout]/BookOfEternityClient/BookOfEternityClient.csproj]
[checkout]/BookOfEternityClient/UI/ExplorerMode/ExplorerMode.Npcs.ListAndDetails.cs(1637,5): warning CS1587: XML comment is not placed on a valid language element [[checkout]/BookOfEternityClient/BookOfEternityClient.csproj]
[checkout]/BookOfEternityClient/UI/ExplorerMode/ExplorerMode.Npcs.Trade.cs(756,5): warning CS1587: XML comment is not placed on a valid language element [[checkout]/BookOfEternityClient/BookOfEternityClient.csproj]
  BookOfEternityClient -> [checkout]/BookOfEternityClient/bin/Debug/net8.0/BookOfEternityClient.dll
  BookOfEternityClient.TestSupport -> [checkout]/BookOfEternityClient.TestSupport/bin/Debug/net8.0/BookOfEternityClient.TestSupport.dll
[checkout]/BookOfEternityClient.IntegrationTests/GameEngineTurnLifecycleTests.PortableSave.cs(198,54): warning CS8602: Dereference of a possibly null reference. [[checkout]/BookOfEternityClient.IntegrationTests/BookOfEternityClient.IntegrationTests.csproj]
[checkout]/BookOfEternityClient.IntegrationTests/PortableLoadReplacementTests.cs(84,9): warning xUnit2031: Do not use a Where clause to filter before calling Assert.Single. Use the overload of Assert.Single that accepts a filtering function. (https://xunit.net/xunit.analyzers/rules/xUnit2031) [[checkout]/BookOfEternityClient.IntegrationTests/BookOfEternityClient.IntegrationTests.csproj]
[checkout]/BookOfEternityClient.IntegrationTests/PortableLoadReplacementTests.cs(208,9): warning xUnit2031: Do not use a Where clause to filter before calling Assert.Single. Use the overload of Assert.Single that accepts a filtering function. (https://xunit.net/xunit.analyzers/rules/xUnit2031) [[checkout]/BookOfEternityClient.IntegrationTests/BookOfEternityClient.IntegrationTests.csproj]
[checkout]/BookOfEternityClient.IntegrationTests/PortableLoadReplacementTests.NativeBoundaries.cs(340,60): warning xUnit2009: Do not use Assert.True() to check for substrings. Use Assert.StartsWith instead. (https://xunit.net/xunit.analyzers/rules/xUnit2009) [[checkout]/BookOfEternityClient.IntegrationTests/BookOfEternityClient.IntegrationTests.csproj]
[checkout]/BookOfEternityClient.IntegrationTests/PortableLoadReplacementTests.PublicEntry.cs(29,9): warning xUnit2031: Do not use a Where clause to filter before calling Assert.Single. Use the overload of Assert.Single that accepts a filtering function. (https://xunit.net/xunit.analyzers/rules/xUnit2031) [[checkout]/BookOfEternityClient.IntegrationTests/BookOfEternityClient.IntegrationTests.csproj]
[checkout]/BookOfEternityClient.IntegrationTests/PortableLoadReplacementTests.ReviewRegression.cs(57,9): warning xUnit2031: Do not use a Where clause to filter before calling Assert.Single. Use the overload of Assert.Single that accepts a filtering function. (https://xunit.net/xunit.analyzers/rules/xUnit2031) [[checkout]/BookOfEternityClient.IntegrationTests/BookOfEternityClient.IntegrationTests.csproj]
[checkout]/BookOfEternityClient.IntegrationTests/PortableLoadReplacementTests.ReviewRegression.cs(464,9): warning xUnit2031: Do not use a Where clause to filter before calling Assert.Single. Use the overload of Assert.Single that accepts a filtering function. (https://xunit.net/xunit.analyzers/rules/xUnit2031) [[checkout]/BookOfEternityClient.IntegrationTests/BookOfEternityClient.IntegrationTests.csproj]
[checkout]/BookOfEternityClient.IntegrationTests/PortableLoadReplacementTests.Topology.cs(64,9): warning xUnit2031: Do not use a Where clause to filter before calling Assert.Single. Use the overload of Assert.Single that accepts a filtering function. (https://xunit.net/xunit.analyzers/rules/xUnit2031) [[checkout]/BookOfEternityClient.IntegrationTests/BookOfEternityClient.IntegrationTests.csproj]
  BookOfEternityClient.IntegrationTests -> [checkout]/BookOfEternityClient.IntegrationTests/bin/Debug/net8.0/BookOfEternityClient.IntegrationTests.dll

Build succeeded.

[checkout]/BookOfEternityClient/Core/GameEngine/GameEngine.IncarnationAndAfterlife.cs(1095,5): warning CS1587: XML comment is not placed on a valid language element [[checkout]/BookOfEternityClient/BookOfEternityClient.csproj]
[checkout]/BookOfEternityClient/UI/ExplorerMode/ExplorerMode.Npcs.ListAndDetails.cs(1637,5): warning CS1587: XML comment is not placed on a valid language element [[checkout]/BookOfEternityClient/BookOfEternityClient.csproj]
[checkout]/BookOfEternityClient/UI/ExplorerMode/ExplorerMode.Npcs.Trade.cs(756,5): warning CS1587: XML comment is not placed on a valid language element [[checkout]/BookOfEternityClient/BookOfEternityClient.csproj]
[checkout]/BookOfEternityClient.IntegrationTests/GameEngineTurnLifecycleTests.PortableSave.cs(198,54): warning CS8602: Dereference of a possibly null reference. [[checkout]/BookOfEternityClient.IntegrationTests/BookOfEternityClient.IntegrationTests.csproj]
[checkout]/BookOfEternityClient.IntegrationTests/PortableLoadReplacementTests.cs(84,9): warning xUnit2031: Do not use a Where clause to filter before calling Assert.Single. Use the overload of Assert.Single that accepts a filtering function. (https://xunit.net/xunit.analyzers/rules/xUnit2031) [[checkout]/BookOfEternityClient.IntegrationTests/BookOfEternityClient.IntegrationTests.csproj]
[checkout]/BookOfEternityClient.IntegrationTests/PortableLoadReplacementTests.cs(208,9): warning xUnit2031: Do not use a Where clause to filter before calling Assert.Single. Use the overload of Assert.Single that accepts a filtering function. (https://xunit.net/xunit.analyzers/rules/xUnit2031) [[checkout]/BookOfEternityClient.IntegrationTests/BookOfEternityClient.IntegrationTests.csproj]
[checkout]/BookOfEternityClient.IntegrationTests/PortableLoadReplacementTests.NativeBoundaries.cs(340,60): warning xUnit2009: Do not use Assert.True() to check for substrings. Use Assert.StartsWith instead. (https://xunit.net/xunit.analyzers/rules/xUnit2009) [[checkout]/BookOfEternityClient.IntegrationTests/BookOfEternityClient.IntegrationTests.csproj]
[checkout]/BookOfEternityClient.IntegrationTests/PortableLoadReplacementTests.PublicEntry.cs(29,9): warning xUnit2031: Do not use a Where clause to filter before calling Assert.Single. Use the overload of Assert.Single that accepts a filtering function. (https://xunit.net/xunit.analyzers/rules/xUnit2031) [[checkout]/BookOfEternityClient.IntegrationTests/BookOfEternityClient.IntegrationTests.csproj]
[checkout]/BookOfEternityClient.IntegrationTests/PortableLoadReplacementTests.ReviewRegression.cs(57,9): warning xUnit2031: Do not use a Where clause to filter before calling Assert.Single. Use the overload of Assert.Single that accepts a filtering function. (https://xunit.net/xunit.analyzers/rules/xUnit2031) [[checkout]/BookOfEternityClient.IntegrationTests/BookOfEternityClient.IntegrationTests.csproj]
[checkout]/BookOfEternityClient.IntegrationTests/PortableLoadReplacementTests.ReviewRegression.cs(464,9): warning xUnit2031: Do not use a Where clause to filter before calling Assert.Single. Use the overload of Assert.Single that accepts a filtering function. (https://xunit.net/xunit.analyzers/rules/xUnit2031) [[checkout]/BookOfEternityClient.IntegrationTests/BookOfEternityClient.IntegrationTests.csproj]
[checkout]/BookOfEternityClient.IntegrationTests/PortableLoadReplacementTests.Topology.cs(64,9): warning xUnit2031: Do not use a Where clause to filter before calling Assert.Single. Use the overload of Assert.Single that accepts a filtering function. (https://xunit.net/xunit.analyzers/rules/xUnit2031) [[checkout]/BookOfEternityClient.IntegrationTests/BookOfEternityClient.IntegrationTests.csproj]
    11 Warning(s)
    0 Error(s)

Time Elapsed 00:02:12.58
