  Определение проектов для восстановления...
  Восстановлен [WORKTREE]\tests\fixtures\PortableStorageCrashHost\PortableStorageCrashHost.csproj (за 3,85 с).
  Восстановлен [WORKTREE]\BookOfEternityClient\BookOfEternityClient.csproj (за 11 мс).
  Восстановлен [WORKTREE]\BookOfEternityClient.Tests\BookOfEternityClient.Tests.csproj (за 68 мс).
  Восстановлен [WORKTREE]\BookOfEternityClient.TestSupport\BookOfEternityClient.TestSupport.csproj (за 4 мс).
[WORKTREE]\BookOfEternityClient\Core\GameEngine\GameEngine.IncarnationAndAfterlife.cs(1095,5): warning CS1587: За XML-комментарием не следует допустимый элемент языка [[WORKTREE]\BookOfEternityClient\BookOfEternityClient.csproj]
[WORKTREE]\BookOfEternityClient\UI\ExplorerMode\ExplorerMode.Npcs.ListAndDetails.cs(1637,5): warning CS1587: За XML-комментарием не следует допустимый элемент языка [[WORKTREE]\BookOfEternityClient\BookOfEternityClient.csproj]
[WORKTREE]\BookOfEternityClient\UI\ExplorerMode\ExplorerMode.Npcs.Trade.cs(756,5): warning CS1587: За XML-комментарием не следует допустимый элемент языка [[WORKTREE]\BookOfEternityClient\BookOfEternityClient.csproj]
  BookOfEternityClient -> [WORKTREE]\BookOfEternityClient\bin\Debug\net8.0\BookOfEternityClient.dll
  BookOfEternityClient.TestSupport -> [WORKTREE]\BookOfEternityClient.TestSupport\bin\Debug\net8.0\BookOfEternityClient.TestSupport.dll
  PortableStorageCrashHost -> [WORKTREE]\tests\fixtures\PortableStorageCrashHost\bin\Debug\net8.0\PortableStorageCrashHost.dll
[WORKTREE]\BookOfEternityClient.Tests\PortableSessionRootKeyTests.cs(114,41): warning CS8600: Преобразование литерала, допускающего значение NULL или возможного значения NULL в тип, не допускающий значение NULL. [[WORKTREE]\BookOfEternityClient.Tests\BookOfEternityClient.Tests.csproj]
  BookOfEternityClient.Tests -> [WORKTREE]\BookOfEternityClient.Tests\bin\Debug\net8.0\BookOfEternityClient.Tests.dll

Сборка успешно завершена.

[WORKTREE]\BookOfEternityClient\Core\GameEngine\GameEngine.IncarnationAndAfterlife.cs(1095,5): warning CS1587: За XML-комментарием не следует допустимый элемент языка [[WORKTREE]\BookOfEternityClient\BookOfEternityClient.csproj]
[WORKTREE]\BookOfEternityClient\UI\ExplorerMode\ExplorerMode.Npcs.ListAndDetails.cs(1637,5): warning CS1587: За XML-комментарием не следует допустимый элемент языка [[WORKTREE]\BookOfEternityClient\BookOfEternityClient.csproj]
[WORKTREE]\BookOfEternityClient\UI\ExplorerMode\ExplorerMode.Npcs.Trade.cs(756,5): warning CS1587: За XML-комментарием не следует допустимый элемент языка [[WORKTREE]\BookOfEternityClient\BookOfEternityClient.csproj]
[WORKTREE]\BookOfEternityClient.Tests\PortableSessionRootKeyTests.cs(114,41): warning CS8600: Преобразование литерала, допускающего значение NULL или возможного значения NULL в тип, не допускающий значение NULL. [[WORKTREE]\BookOfEternityClient.Tests\BookOfEternityClient.Tests.csproj]
    Предупреждений: 4
    Ошибок: 0

Прошло времени 00:02:25.02
