  Determining projects to restore...
  All projects are up-to-date for restore.
  BookOfEternityClient -> [checkout]/BookOfEternityClient/bin/Debug/net8.0/BookOfEternityClient.dll
  BookOfEternityClient.TestSupport -> [checkout]/BookOfEternityClient.TestSupport/bin/Debug/net8.0/BookOfEternityClient.TestSupport.dll
  PortableStorageCrashHost -> [checkout]/tests/fixtures/PortableStorageCrashHost/bin/Debug/net8.0/PortableStorageCrashHost.dll
[checkout]/BookOfEternityClient.Tests/PortableSessionRootKeyTests.cs(114,41): warning CS8600: Converting null literal or possible null value to non-nullable type. [[checkout]/BookOfEternityClient.Tests/BookOfEternityClient.Tests.csproj]
[checkout]/BookOfEternityClient.Tests/PortableSaveOutcomeTests.cs(47,39): warning xUnit2031: Do not use a Where clause to filter before calling Assert.Single. Use the overload of Assert.Single that accepts a filtering function. (https://xunit.net/xunit.analyzers/rules/xUnit2031) [[checkout]/BookOfEternityClient.Tests/BookOfEternityClient.Tests.csproj]
[checkout]/BookOfEternityClient.Tests/PortableSaveOutcomeTests.cs(74,27): warning xUnit2031: Do not use a Where clause to filter before calling Assert.Single. Use the overload of Assert.Single that accepts a filtering function. (https://xunit.net/xunit.analyzers/rules/xUnit2031) [[checkout]/BookOfEternityClient.Tests/BookOfEternityClient.Tests.csproj]
[checkout]/BookOfEternityClient.Tests/PortableSaveOutcomeTests.cs(80,27): warning xUnit2031: Do not use a Where clause to filter before calling Assert.Single. Use the overload of Assert.Single that accepts a filtering function. (https://xunit.net/xunit.analyzers/rules/xUnit2031) [[checkout]/BookOfEternityClient.Tests/BookOfEternityClient.Tests.csproj]
[checkout]/BookOfEternityClient.Tests/PortableSaveOutcomeTests.cs(136,35): warning xUnit2031: Do not use a Where clause to filter before calling Assert.Single. Use the overload of Assert.Single that accepts a filtering function. (https://xunit.net/xunit.analyzers/rules/xUnit2031) [[checkout]/BookOfEternityClient.Tests/BookOfEternityClient.Tests.csproj]
[checkout]/BookOfEternityClient.Tests/PortableSaveFilesystemCallerTests.cs(126,23): warning xUnit2031: Do not use a Where clause to filter before calling Assert.Single. Use the overload of Assert.Single that accepts a filtering function. (https://xunit.net/xunit.analyzers/rules/xUnit2031) [[checkout]/BookOfEternityClient.Tests/BookOfEternityClient.Tests.csproj]
[checkout]/BookOfEternityClient.Tests/PortableSaveOutcomeTests.cs(348,22): warning xUnit2031: Do not use a Where clause to filter before calling Assert.Single. Use the overload of Assert.Single that accepts a filtering function. (https://xunit.net/xunit.analyzers/rules/xUnit2031) [[checkout]/BookOfEternityClient.Tests/BookOfEternityClient.Tests.csproj]
[checkout]/BookOfEternityClient.Tests/PortableSaveBoundOutcomeTests.cs(42,35): warning xUnit2031: Do not use a Where clause to filter before calling Assert.Single. Use the overload of Assert.Single that accepts a filtering function. (https://xunit.net/xunit.analyzers/rules/xUnit2031) [[checkout]/BookOfEternityClient.Tests/BookOfEternityClient.Tests.csproj]
[checkout]/BookOfEternityClient.Tests/PortableLoadColdRecoveryTests.cs(236,9): warning xUnit2009: Do not use Assert.True() to check for substrings. Use Assert.StartsWith instead. (https://xunit.net/xunit.analyzers/rules/xUnit2009) [[checkout]/BookOfEternityClient.Tests/BookOfEternityClient.Tests.csproj]
[checkout]/BookOfEternityClient.Tests/PortableLoadColdRecoveryTests.cs(441,50): warning xUnit2009: Do not use Assert.True() to check for substrings. Use Assert.StartsWith instead. (https://xunit.net/xunit.analyzers/rules/xUnit2009) [[checkout]/BookOfEternityClient.Tests/BookOfEternityClient.Tests.csproj]
  BookOfEternityClient.Tests -> [checkout]/BookOfEternityClient.Tests/bin/Debug/net8.0/BookOfEternityClient.Tests.dll

Build succeeded.

[checkout]/BookOfEternityClient.Tests/PortableSessionRootKeyTests.cs(114,41): warning CS8600: Converting null literal or possible null value to non-nullable type. [[checkout]/BookOfEternityClient.Tests/BookOfEternityClient.Tests.csproj]
[checkout]/BookOfEternityClient.Tests/PortableSaveOutcomeTests.cs(47,39): warning xUnit2031: Do not use a Where clause to filter before calling Assert.Single. Use the overload of Assert.Single that accepts a filtering function. (https://xunit.net/xunit.analyzers/rules/xUnit2031) [[checkout]/BookOfEternityClient.Tests/BookOfEternityClient.Tests.csproj]
[checkout]/BookOfEternityClient.Tests/PortableSaveOutcomeTests.cs(74,27): warning xUnit2031: Do not use a Where clause to filter before calling Assert.Single. Use the overload of Assert.Single that accepts a filtering function. (https://xunit.net/xunit.analyzers/rules/xUnit2031) [[checkout]/BookOfEternityClient.Tests/BookOfEternityClient.Tests.csproj]
[checkout]/BookOfEternityClient.Tests/PortableSaveOutcomeTests.cs(80,27): warning xUnit2031: Do not use a Where clause to filter before calling Assert.Single. Use the overload of Assert.Single that accepts a filtering function. (https://xunit.net/xunit.analyzers/rules/xUnit2031) [[checkout]/BookOfEternityClient.Tests/BookOfEternityClient.Tests.csproj]
[checkout]/BookOfEternityClient.Tests/PortableSaveOutcomeTests.cs(136,35): warning xUnit2031: Do not use a Where clause to filter before calling Assert.Single. Use the overload of Assert.Single that accepts a filtering function. (https://xunit.net/xunit.analyzers/rules/xUnit2031) [[checkout]/BookOfEternityClient.Tests/BookOfEternityClient.Tests.csproj]
[checkout]/BookOfEternityClient.Tests/PortableSaveFilesystemCallerTests.cs(126,23): warning xUnit2031: Do not use a Where clause to filter before calling Assert.Single. Use the overload of Assert.Single that accepts a filtering function. (https://xunit.net/xunit.analyzers/rules/xUnit2031) [[checkout]/BookOfEternityClient.Tests/BookOfEternityClient.Tests.csproj]
[checkout]/BookOfEternityClient.Tests/PortableSaveOutcomeTests.cs(348,22): warning xUnit2031: Do not use a Where clause to filter before calling Assert.Single. Use the overload of Assert.Single that accepts a filtering function. (https://xunit.net/xunit.analyzers/rules/xUnit2031) [[checkout]/BookOfEternityClient.Tests/BookOfEternityClient.Tests.csproj]
[checkout]/BookOfEternityClient.Tests/PortableSaveBoundOutcomeTests.cs(42,35): warning xUnit2031: Do not use a Where clause to filter before calling Assert.Single. Use the overload of Assert.Single that accepts a filtering function. (https://xunit.net/xunit.analyzers/rules/xUnit2031) [[checkout]/BookOfEternityClient.Tests/BookOfEternityClient.Tests.csproj]
[checkout]/BookOfEternityClient.Tests/PortableLoadColdRecoveryTests.cs(236,9): warning xUnit2009: Do not use Assert.True() to check for substrings. Use Assert.StartsWith instead. (https://xunit.net/xunit.analyzers/rules/xUnit2009) [[checkout]/BookOfEternityClient.Tests/BookOfEternityClient.Tests.csproj]
[checkout]/BookOfEternityClient.Tests/PortableLoadColdRecoveryTests.cs(441,50): warning xUnit2009: Do not use Assert.True() to check for substrings. Use Assert.StartsWith instead. (https://xunit.net/xunit.analyzers/rules/xUnit2009) [[checkout]/BookOfEternityClient.Tests/BookOfEternityClient.Tests.csproj]
    10 Warning(s)
    0 Error(s)

Time Elapsed 00:00:29.37
