PLAN {"Name":"browser-http-admission-integration-001","Project":"BookOfEternityClient.IntegrationTests/BookOfEternityClient.IntegrationTests.csproj","Category":"browser-http-admission","Categories":["browser-http-admission"],"Filter":"FullyQualifiedName=BookOfEternityClient.Tests.LocalWebUiRequestAdmissionTests.CancelledQueuedRequestLeavesNextRequestUsable|FullyQualifiedName=BookOfEternityClient.Tests.LocalWebUiRequestAdmissionTests.HandlerFailureRemainsFailureAndReleasesAdmission|FullyQualifiedName=BookOfEternityClient.Tests.LocalWebUiRequestAdmissionTests.IndependentlyHeldPhysicalGuardStillRefusesHttpRequest|FullyQualifiedName=BookOfEternityClient.Tests.LocalWebUiRequestAdmissionTests.LoadCompletionAndCancellationBypassWaitingStateRequests|FullyQualifiedName=BookOfEternityClient.Tests.LocalWebUiRequestAdmissionTests.ParallelStateRequestsWaitOutsidePhysicalGuardBudget|FullyQualifiedName=BookOfEternityClient.Tests.LocalWebUiRequestAdmissionTests.StaticAndMetadataDeliveryBypassStateRequests","Adapter":"integration","Exclusive":true,"FrontendBuild":false,"BudgetMinutes":3,"EstimatedCases":9,"ExpectedMethodCounts":[{"Name":"BookOfEternityClient.Tests.LocalWebUiRequestAdmissionTests.CancelledQueuedRequestLeavesNextRequestUsable","Cases":1},{"Name":"BookOfEternityClient.Tests.LocalWebUiRequestAdmissionTests.HandlerFailureRemainsFailureAndReleasesAdmission","Cases":1},{"Name":"BookOfEternityClient.Tests.LocalWebUiRequestAdmissionTests.IndependentlyHeldPhysicalGuardStillRefusesHttpRequest","Cases":1},{"Name":"BookOfEternityClient.Tests.LocalWebUiRequestAdmissionTests.LoadCompletionAndCancellationBypassWaitingStateRequests","Cases":2},{"Name":"BookOfEternityClient.Tests.LocalWebUiRequestAdmissionTests.ParallelStateRequestsWaitOutsidePhysicalGuardBudget","Cases":1},{"Name":"BookOfEternityClient.Tests.LocalWebUiRequestAdmissionTests.StaticAndMetadataDeliveryBypassStateRequests","Cases":3}]}
PLAN {"Name":"browser-http-admission-lifetime-integration-002","Project":"BookOfEternityClient.IntegrationTests/BookOfEternityClient.IntegrationTests.csproj","Category":"browser-http-admission-lifetime","Categories":["browser-http-admission-lifetime"],"Filter":"FullyQualifiedName=BookOfEternityClient.Tests.LocalWebUiRequestAdmissionLifetimeTests.AbortedHostShutdownDoesNotDisposePermitBeforeHandlerReturns|FullyQualifiedName=BookOfEternityClient.Tests.LocalWebUiRequestAdmissionLifetimeTests.CancelledFilterInvocationNeverEntersOrReleasesOriginalPermit","Adapter":"integration","Exclusive":true,"FrontendBuild":false,"BudgetMinutes":2,"EstimatedCases":2,"ExpectedMethodCounts":[{"Name":"BookOfEternityClient.Tests.LocalWebUiRequestAdmissionLifetimeTests.AbortedHostShutdownDoesNotDisposePermitBeforeHandlerReturns","Cases":1},{"Name":"BookOfEternityClient.Tests.LocalWebUiRequestAdmissionLifetimeTests.CancelledFilterInvocationNeverEntersOrReleasesOriginalPermit","Cases":1}]}
PLAN {"Name":"portable-load-browser-refresh-integration-003","Project":"BookOfEternityClient.IntegrationTests/BookOfEternityClient.IntegrationTests.csproj","Category":"portable-load-browser-refresh","Categories":["portable-load-browser-refresh"],"Filter":"FullyQualifiedName=BookOfEternityClient.Tests.BrowserLocalWriteCoordinatorTests.ExecuteSessionReplacementAsync_FailedOldOperationDoesNotReleaseNewSameOwnerLock|FullyQualifiedName=BookOfEternityClient.Tests.LocalWebUiHostTests.LoadStateEndpoint_KeepsWholeBundleBoundThroughRequiredReads|FullyQualifiedName=BookOfEternityClient.Tests.LocalWebUiHostTests.SaveLoadEndpoint_BlocksLoadWhenBrowserWriteIsBlocked|FullyQualifiedName=BookOfEternityClient.Tests.LocalWebUiHostTests.SaveLoadEndpoint_LoadsOnlyMenuIssuedSaveIds","Adapter":"integration","Exclusive":true,"FrontendBuild":false,"BudgetMinutes":5,"EstimatedCases":10,"ExpectedMethodCounts":[{"Name":"BookOfEternityClient.Tests.BrowserLocalWriteCoordinatorTests.ExecuteSessionReplacementAsync_FailedOldOperationDoesNotReleaseNewSameOwnerLock","Cases":1},{"Name":"BookOfEternityClient.Tests.LocalWebUiHostTests.LoadStateEndpoint_KeepsWholeBundleBoundThroughRequiredReads","Cases":7},{"Name":"BookOfEternityClient.Tests.LocalWebUiHostTests.SaveLoadEndpoint_BlocksLoadWhenBrowserWriteIsBlocked","Cases":1},{"Name":"BookOfEternityClient.Tests.LocalWebUiHostTests.SaveLoadEndpoint_LoadsOnlyMenuIssuedSaveIds","Cases":1}]}
PLAN {"Name":"portable-load-browser-required-generation-integration-004","Project":"BookOfEternityClient.IntegrationTests/BookOfEternityClient.IntegrationTests.csproj","Category":"portable-load-browser-required-generation","Categories":["portable-load-browser-required-generation"],"Filter":"FullyQualifiedName=BookOfEternityClient.Tests.LocalWebUiHostTests.LoadStateEndpoint_RequiresCompleteEstablishedGeneration","Adapter":"integration","Exclusive":true,"FrontendBuild":false,"BudgetMinutes":5,"EstimatedCases":4,"ExpectedMethodCounts":[{"Name":"BookOfEternityClient.Tests.LocalWebUiHostTests.LoadStateEndpoint_RequiresCompleteEstablishedGeneration","Cases":4}]}
PLAN {"Name":"portable-settings-endpoints-integration-005","Project":"BookOfEternityClient.IntegrationTests/BookOfEternityClient.IntegrationTests.csproj","Category":"portable-settings-endpoints","Categories":["portable-settings-endpoints"],"Filter":"FullyQualifiedName=BookOfEternityClient.Tests.BrowserLocalWriteCoordinatorTests.ExecuteAsync_ActiveOtherOwner_BlocksWithoutRunningWrite|FullyQualifiedName=BookOfEternityClient.Tests.LocalWebUiHostTests.AudioSettingsEndpoint_LoadsSharedSettingsAndReturnsSafeCatalog|FullyQualifiedName=BookOfEternityClient.Tests.LocalWebUiHostTests.AudioSettingsEndpoint_UpdatesAndPersistsSharedSettingsWithClampedVolumes|FullyQualifiedName=BookOfEternityClient.Tests.LocalWebUiHostTests.BrowserAudioService_SerializesSharedSettingsUpdates|FullyQualifiedName=BookOfEternityClient.Tests.LocalWebUiHostTests.ClientSettingsEndpoint_BlocksGameplaySettingsWhenPendingTurnExists|FullyQualifiedName=BookOfEternityClient.Tests.LocalWebUiHostTests.ClientSettingsEndpoint_DoesNotReuseActiveBrowserWriteOwnerLock|FullyQualifiedName=BookOfEternityClient.Tests.LocalWebUiHostTests.ClientSettingsEndpoint_LoadsPlayerSafeSharedSettingsAndLocality|FullyQualifiedName=BookOfEternityClient.Tests.LocalWebUiHostTests.ClientSettingsEndpoint_UpdatesWhitelistedSettingsAndWritesGmProjection","Adapter":"integration","Exclusive":false,"FrontendBuild":false,"BudgetMinutes":4,"EstimatedCases":8,"ExpectedMethodCounts":[{"Name":"BookOfEternityClient.Tests.BrowserLocalWriteCoordinatorTests.ExecuteAsync_ActiveOtherOwner_BlocksWithoutRunningWrite","Cases":1},{"Name":"BookOfEternityClient.Tests.LocalWebUiHostTests.AudioSettingsEndpoint_LoadsSharedSettingsAndReturnsSafeCatalog","Cases":1},{"Name":"BookOfEternityClient.Tests.LocalWebUiHostTests.AudioSettingsEndpoint_UpdatesAndPersistsSharedSettingsWithClampedVolumes","Cases":1},{"Name":"BookOfEternityClient.Tests.LocalWebUiHostTests.BrowserAudioService_SerializesSharedSettingsUpdates","Cases":1},{"Name":"BookOfEternityClient.Tests.LocalWebUiHostTests.ClientSettingsEndpoint_BlocksGameplaySettingsWhenPendingTurnExists","Cases":1},{"Name":"BookOfEternityClient.Tests.LocalWebUiHostTests.ClientSettingsEndpoint_DoesNotReuseActiveBrowserWriteOwnerLock","Cases":1},{"Name":"BookOfEternityClient.Tests.LocalWebUiHostTests.ClientSettingsEndpoint_LoadsPlayerSafeSharedSettingsAndLocality","Cases":1},{"Name":"BookOfEternityClient.Tests.LocalWebUiHostTests.ClientSettingsEndpoint_UpdatesWhitelistedSettingsAndWritesGmProjection","Cases":1}]}
Test run for /tmp/relay-linux-regression-github-final/checkout/BookOfEternityClient.IntegrationTests/bin/Debug/net8.0/BookOfEternityClient.IntegrationTests.dll (.NETCoreApp,Version=v8.0)
A total of 1 test files matched the specified pattern.
Results File: /tmp/relay-linux-regression-github-final/checkout/TestResults/test-categories/20261008-061941-577-957721-232f07ecf36743479c74778fe5cdb3f1-categories/browser-http-admission-integration-001.trx

Passed!  - Failed:     0, Passed:     9, Skipped:     0, Total:     9, Duration: 24 s - BookOfEternityClient.IntegrationTests.dll (net8.0)
Test run for /tmp/relay-linux-regression-github-final/checkout/BookOfEternityClient.IntegrationTests/bin/Debug/net8.0/BookOfEternityClient.IntegrationTests.dll (.NETCoreApp,Version=v8.0)
A total of 1 test files matched the specified pattern.
Results File: /tmp/relay-linux-regression-github-final/checkout/TestResults/test-categories/20261008-061941-577-957721-232f07ecf36743479c74778fe5cdb3f1-categories/browser-http-admission-lifetime-integration-002.trx

Passed!  - Failed:     0, Passed:     2, Skipped:     0, Total:     2, Duration: 1 s - BookOfEternityClient.IntegrationTests.dll (net8.0)
Test run for /tmp/relay-linux-regression-github-final/checkout/BookOfEternityClient.IntegrationTests/bin/Debug/net8.0/BookOfEternityClient.IntegrationTests.dll (.NETCoreApp,Version=v8.0)
A total of 1 test files matched the specified pattern.
Results File: /tmp/relay-linux-regression-github-final/checkout/TestResults/test-categories/20261008-061941-577-957721-232f07ecf36743479c74778fe5cdb3f1-categories/portable-load-browser-refresh-integration-003.trx

Passed!  - Failed:     0, Passed:    10, Skipped:     0, Total:    10, Duration: 14 s - BookOfEternityClient.IntegrationTests.dll (net8.0)
Test run for /tmp/relay-linux-regression-github-final/checkout/BookOfEternityClient.IntegrationTests/bin/Debug/net8.0/BookOfEternityClient.IntegrationTests.dll (.NETCoreApp,Version=v8.0)
A total of 1 test files matched the specified pattern.
Results File: /tmp/relay-linux-regression-github-final/checkout/TestResults/test-categories/20261008-061941-577-957721-232f07ecf36743479c74778fe5cdb3f1-categories/portable-load-browser-required-generation-integration-004.trx

Passed!  - Failed:     0, Passed:     4, Skipped:     0, Total:     4, Duration: 11 s - BookOfEternityClient.IntegrationTests.dll (net8.0)
Test run for /tmp/relay-linux-regression-github-final/checkout/BookOfEternityClient.IntegrationTests/bin/Debug/net8.0/BookOfEternityClient.IntegrationTests.dll (.NETCoreApp,Version=v8.0)
A total of 1 test files matched the specified pattern.
Results File: /tmp/relay-linux-regression-github-final/checkout/TestResults/test-categories/20261008-061941-577-957721-232f07ecf36743479c74778fe5cdb3f1-categories/portable-settings-endpoints-integration-005.trx

Passed!  - Failed:     0, Passed:     8, Skipped:     0, Total:     8, Duration: 1 s - BookOfEternityClient.IntegrationTests.dll (net8.0)

Category result
  Categories: portable-load-browser-required-generation, browser-http-admission-lifetime, browser-http-admission, portable-settings-endpoints, portable-load-browser-refresh
  Filter: <none>
  Timeout: 24 minute(s)
  Wall time: 00:01:21.5954422
  Exit code: 0
  Timed out: False
  Owned-tree cleanup: complete
  Planned selection: descriptors=5, cases=33; completed descriptors=5, cases=33, complete=True
  Tests: total=33, executed=33, passed=33, failed=0
  Duplicate test IDs: 0
  Results: /tmp/relay-linux-regression-github-final/checkout/TestResults/test-categories/20261008-061941-577-957721-232f07ecf36743479c74778fe5cdb3f1-categories
  Log: /tmp/relay-linux-regression-github-final/checkout/TestResults/test-categories/20261008-061941-577-957721-232f07ecf36743479c74778fe5cdb3f1-categories/dotnet-test.log
